Archive member included to satisfy reference by file (symbol)

/usr/lib/gcc/arm-none-eabi/10.3.1/../../../arm-none-eabi/lib/thumb/v7e-m+fp/hard/libm.a(lib_a-s_ceil.o)
                              build/itersolve.o (ceil)
/usr/lib/gcc/arm-none-eabi/10.3.1/../../../arm-none-eabi/lib/thumb/v7e-m+fp/hard/libm.a(lib_a-s_floor.o)
                              build/itersolve.o (floor)
/usr/lib/gcc/arm-none-eabi/10.3.1/../../../arm-none-eabi/lib/thumb/v7e-m+fp/hard/libm.a(lib_a-w_sqrt.o)
                              build/kin_cartesian.o (sqrt)
/usr/lib/gcc/arm-none-eabi/10.3.1/../../../arm-none-eabi/lib/thumb/v7e-m+fp/hard/libm.a(lib_a-e_sqrt.o)
                              /usr/lib/gcc/arm-none-eabi/10.3.1/../../../arm-none-eabi/lib/thumb/v7e-m+fp/hard/libm.a(lib_a-w_sqrt.o) (__ieee754_sqrt)
/usr/lib/gcc/arm-none-eabi/10.3.1/../../../arm-none-eabi/lib/thumb/v7e-m+fp/hard/libm.a(lib_a-s_lib_ver.o)
                              /usr/lib/gcc/arm-none-eabi/10.3.1/../../../arm-none-eabi/lib/thumb/v7e-m+fp/hard/libm.a(lib_a-w_sqrt.o) (__fdlib_version)
/usr/lib/gcc/arm-none-eabi/10.3.1/../../../arm-none-eabi/lib/thumb/v7e-m+fp/hard/libc_nano.a(lib_a-atexit.o)
                              /usr/lib/gcc/arm-none-eabi/10.3.1/../../../arm-none-eabi/lib/thumb/v7e-m+fp/hard/crt0.o (atexit)
/usr/lib/gcc/arm-none-eabi/10.3.1/../../../arm-none-eabi/lib/thumb/v7e-m+fp/hard/libc_nano.a(lib_a-ctype_.o)
                              build/gcode.o (_ctype_)
/usr/lib/gcc/arm-none-eabi/10.3.1/../../../arm-none-eabi/lib/thumb/v7e-m+fp/hard/libc_nano.a(lib_a-errno.o)
                              /usr/lib/gcc/arm-none-eabi/10.3.1/../../../arm-none-eabi/lib/thumb/v7e-m+fp/hard/libm.a(lib_a-w_sqrt.o) (__errno)
/usr/lib/gcc/arm-none-eabi/10.3.1/../../../arm-none-eabi/lib/thumb/v7e-m+fp/hard/libc_nano.a(lib_a-exit.o)
                              /usr/lib/gcc/arm-none-eabi/10.3.1/../../../arm-none-eabi/lib/thumb/v7e-m+fp/hard/crt0.o (exit)
/usr/lib/gcc/arm-none-eabi/10.3.1/../../../arm-none-eabi/lib/thumb/v7e-m+fp/hard/libc_nano.a(lib_a-fini.o)
                              /usr/lib/gcc/arm-none-eabi/10.3.1/../../../arm-none-eabi/lib/thumb/v7e-m+fp/hard/crt0.o (__libc_fini_array)
/usr/lib/gcc/arm-none-eabi/10.3.1/../../../arm-none-eabi/lib/thumb/v7e-m+fp/hard/libc_nano.a(lib_a-impure.o)
                              /usr/lib/gcc/arm-none-eabi/10.3.1/../../../arm-none-eabi/lib/thumb/v7e-m+fp/hard/libc_nano.a(lib_a-exit.o) (_global_impure_ptr)
/usr/lib/gcc/arm-none-eabi/10.3.1/../../../arm-none-eabi/lib/thumb/v7e-m+fp/hard/libc_nano.a(lib_a-init.o)
                              /usr/lib/gcc/arm-none-eabi/10.3.1/../../../arm-none-eabi/lib/thumb/v7e-m+fp/hard/crt0.o (__libc_init_array)
/usr/lib/gcc/arm-none-eabi/10.3.1/../../../arm-none-eabi/lib/thumb/v7e-m+fp/hard/libc_nano.a(lib_a-memcpy.o)
                              build/serial.o (memcpy)
/usr/lib/gcc/arm-none-eabi/10.3.1/../../../arm-none-eabi/lib/thumb/v7e-m+fp/hard/libc_nano.a(lib_a-memset.o)
                              /usr/lib/gcc/arm-none-eabi/10.3.1/../../../arm-none-eabi/lib/thumb/v7e-m+fp/hard/crt0.o (memset)
/usr/lib/gcc/arm-none-eabi/10.3.1/../../../arm-none-eabi/lib/thumb/v7e-m+fp/hard/libc_nano.a(lib_a-strlen.o)
                              build/command.o (strlen)
/usr/lib/gcc/arm-none-eabi/10.3.1/../../../arm-none-eabi/lib/thumb/v7e-m+fp/hard/libc_nano.a(lib_a-vsnprintf.o)
                              build/command.o (vsnprintf)
/usr/lib/gcc/arm-none-eabi/10.3.1/../../../arm-none-eabi/lib/thumb/v7e-m+fp/hard/libc_nano.a(lib_a-__atexit.o)
                              /usr/lib/gcc/arm-none-eabi/10.3.1/../../../arm-none-eabi/lib/thumb/v7e-m+fp/hard/libc_nano.a(lib_a-atexit.o) (__register_exitproc)
/usr/lib/gcc/arm-none-eabi/10.3.1/../../../arm-none-eabi/lib/thumb/v7e-m+fp/hard/libc_nano.a(lib_a-__call_atexit.o)
                              /usr/lib/gcc/arm-none-eabi/10.3.1/../../../arm-none-eabi/lib/thumb/v7e-m+fp/hard/libc_nano.a(lib_a-__atexit.o) (__call_exitprocs)
/usr/lib/gcc/arm-none-eabi/10.3.1/../../../arm-none-eabi/lib/thumb/v7e-m+fp/hard/libc_nano.a(lib_a-nano-svfprintf.o)
                              /usr/lib/gcc/arm-none-eabi/10.3.1/../../../arm-none-eabi/lib/thumb/v7e-m+fp/hard/libc_nano.a(lib_a-vsnprintf.o) (_svfprintf_r)
/usr/lib/gcc/arm-none-eabi/10.3.1/../../../arm-none-eabi/lib/thumb/v7e-m+fp/hard/libc_nano.a(lib_a-nano-vfprintf_i.o)
                              /usr/lib/gcc/arm-none-eabi/10.3.1/../../../arm-none-eabi/lib/thumb/v7e-m+fp/hard/libc_nano.a(lib_a-nano-svfprintf.o) (_printf_i)
/usr/lib/gcc/arm-none-eabi/10.3.1/../../../arm-none-eabi/lib/thumb/v7e-m+fp/hard/libc_nano.a(lib_a-memchr.o)
                              /usr/lib/gcc/arm-none-eabi/10.3.1/../../../arm-none-eabi/lib/thumb/v7e-m+fp/hard/libc_nano.a(lib_a-nano-svfprintf.o) (memchr)
/usr/lib/gcc/arm-none-eabi/10.3.1/../../../arm-none-eabi/lib/thumb/v7e-m+fp/hard/libc_nano.a(lib_a-memmove.o)
[...]
Memory Configuration

Name             Origin             Length             Attributes
FLASH            0x0000000008000000 0x0000000000100000 xr
RAM              0x0000000020000000 0x0000000000020000 xrw
CCMRAM           0x0000000010000000 0x0000000000010000 xrw
*default*        0x0000000000000000 0xffffffffffffffff

Linker script and memory map

LOAD /usr/lib/gcc/arm-none-eabi/10.3.1/thumb/v7e-m+fp/hard/crti.o
LOAD /usr/lib/gcc/arm-none-eabi/10.3.1/thumb/v7e-m+fp/hard/crtbegin.o
LOAD /usr/lib/gcc/arm-none-eabi/10.3.1/../../../arm-none-eabi/lib/thumb/v7e-m+fp/hard/crt0.o
LOAD build/sched.o
LOAD build/stepper.o
LOAD build/endstop.o
LOAD build/adccmds.o
LOAD build/pwmcmds.o
LOAD build/command.o
LOAD build/stm32f4.o
LOAD build/gpio.o
LOAD build/adc.o
LOAD build/serial.o
LOAD build/mem_pool.o
LOAD build/trapq.o
LOAD build/itersolve.o
LOAD build/kin_cartesian.o
LOAD build/main.o
LOAD build/gcode.o
LOAD build/toolhead.o
LOAD build/heater.o
LOAD build/fan.o
LOAD /usr/lib/gcc/arm-none-eabi/10.3.1/../../../arm-none-eabi/lib/thumb/v7e-m+fp/hard/libm.a
LOAD /usr/lib/gcc/arm-none-eabi/10.3.1/../../../arm-none-eabi/lib/thumb/v7e-m+fp/hard/libc_nano.a
LOAD /usr/lib/gcc/arm-none-eabi/10.3.1/../../../arm-none-eabi/lib/thumb/v7e-m+fp/hard/libnosys.a
START GROUP
LOAD /usr/lib/gcc/arm-none-eabi/10.3.1/thumb/v7e-m+fp/hard/libgcc.a
LOAD /usr/lib/gcc/arm-none-eabi/10.3.1/../../../arm-none-eabi/lib/thumb/v7e-m+fp/hard/libc_nano.a
END GROUP
START GROUP
LOAD /usr/lib/gcc/arm-none-eabi/10.3.1/thumb/v7e-m+fp/hard/libgcc.a
LOAD /usr/lib/gcc/arm-none-eabi/10.3.1/../../../arm-none-eabi/lib/thumb/v7e-m+fp/hard/libc_nano.a
END GROUP
LOAD /usr/lib/gcc/arm-none-eabi/10.3.1/thumb/v7e-m+fp/hard/crtend.o
LOAD /usr/lib/gcc/arm-none-eabi/10.3.1/thumb/v7e-m+fp/hard/crtn.o
                0x0000000000001000                _Min_Stack_Size = 0x1000
                0x0000000000000400                _Min_Heap_Size = 0x400

.isr_vector     0x0000000008000000      0x188
                0x0000000008000000                . = ALIGN (0x4)
 *(.isr_vector)
 .isr_vector    0x0000000008000000      0x188 build/main.o
                0x0000000008000000                g_vector_table
                0x0000000008000188                . = ALIGN (0x4)

.text           0x0000000008000188     0x46a0
                0x0000000008000188                . = ALIGN (0x4)
 *(.text)
 .text          0x0000000008000188       0x88 /usr/lib/gcc/arm-none-eabi/10.3.1/thumb/v7e-m+fp/hard/crtbegin.o
 .text          0x0000000008000210      0x100 /usr/lib/gcc/arm-none-eabi/10.3.1/../../../arm-none-eabi/lib/thumb/v7e-m+fp/hard/libm.a(lib_a-s_ceil.o)
                0x0000000008000210                ceil
 .text          0x0000000008000310      0x108 /usr/lib/gcc/arm-none-eabi/10.3.1/../../../arm-none-eabi/lib/thumb/v7e-m+fp/hard/libm.a(lib_a-s_floor.o)
                0x0000000008000310                floor
 .text          0x0000000008000418       0x74 /usr/lib/gcc/arm-none-eabi/10.3.1/../../../arm-none-eabi/lib/thumb/v7e-m+fp/hard/libm.a(lib_a-w_sqrt.o)
                0x0000000008000418                sqrt
 .text          0x000000000800048c      0x198 /usr/lib/gcc/arm-none-eabi/10.3.1/../../../arm-none-eabi/lib/thumb/v7e-m+fp/hard/libm.a(lib_a-e_sqrt.o)
                0x000000000800048c                __ieee754_sqrt
 .text          0x0000000008000624        0xc /usr/lib/gcc/arm-none-eabi/10.3.1/../../../arm-none-eabi/lib/thumb/v7e-m+fp/hard/libc_nano.a(lib_a-errno.o)
                0x0000000008000624                __errno
 .text          0x0000000008000630      0x134 /usr/lib/gcc/arm-none-eabi/10.3.1/../../../arm-none-eabi/lib/thumb/v7e-m+fp/hard/libc_nano.a(lib_a-memcpy.o)
                0x0000000008000630                memcpy
 .text          0x0000000008000764       0xa4 /usr/lib/gcc/arm-none-eabi/10.3.1/../../../arm-none-eabi/lib/thumb/v7e-m+fp/hard/libc_nano.a(lib_a-memset.o)
                0x0000000008000764                memset
 .text          0x0000000008000808      0x378 /usr/lib/gcc/arm-none-eabi/10.3.1/thumb/v7e-m+fp/hard/libgcc.a(_arm_addsubdf3.o)
                0x0000000008000808                __aeabi_drsub
                0x0000000008000810                __aeabi_dsub
                0x0000000008000810                __subdf3
                0x0000000008000814                __adddf3
                0x0000000008000814                __aeabi_dadd
                0x0000000008000a8c                __aeabi_ui2d
                0x0000000008000a8c                __floatunsidf
                0x0000000008000aac                __floatsidf
                0x0000000008000aac                __aeabi_i2d
                0x0000000008000ad0                __extendsfdf2
                0x0000000008000ad0                __aeabi_f2d
                0x0000000008000b14                __aeabi_ul2d
                0x0000000008000b14                __floatundidf
                0x0000000008000b24                __floatdidf
                0x0000000008000b24                __aeabi_l2d
 .text          0x0000000008000b80      0x424 /usr/lib/gcc/arm-none-eabi/10.3.1/thumb/v7e-m+fp/hard/libgcc.a(_arm_muldivdf3.o)
                0x0000000008000b80                __aeabi_dmul
                0x0000000008000b80                __muldf3
                0x0000000008000dd4                __aeabi_ddiv
                0x0000000008000dd4                __divdf3
 .text          0x0000000008000fa4      0x110 /usr/lib/gcc/arm-none-eabi/10.3.1/thumb/v7e-m+fp/hard/libgcc.a(_arm_cmpdf2.o)
                0x0000000008000fa4                __gtdf2
                0x0000000008000fa4                __gedf2
                0x0000000008000fac                __ltdf2
                0x0000000008000fac                __ledf2
                0x0000000008000fb4                __cmpdf2
                0x0000000008000fb4                __eqdf2
                0x0000000008000fb4                __nedf2
                0x0000000008001030                __aeabi_cdrcmple
                0x0000000008001040                __aeabi_cdcmple
                0x0000000008001040                __aeabi_cdcmpeq
                0x0000000008001050                __aeabi_dcmpeq
                0x0000000008001064                __aeabi_dcmplt
                0x0000000008001078                __aeabi_dcmple
                0x000000000800108c                __aeabi_dcmpge
                0x00000000080010a0                __aeabi_dcmpgt
 .text          0x00000000080010b4       0x2c /usr/lib/gcc/arm-none-eabi/10.3.1/thumb/v7e-m+fp/hard/libgcc.a(_arm_unorddf2.o)
                0x00000000080010b4                __aeabi_dcmpun
                0x00000000080010b4                __unorddf2
 *(.text*)
 .text.sched_get_time
                0x00000000080010e0        0x4 build/sched.o
                0x00000000080010e0                sched_get_time
 .text.sched_add_timer
                0x00000000080010e4       0x38 build/sched.o
                0x00000000080010e4                sched_add_timer
 .text.sched_del_timer
                0x000000000800111c       0x30 build/sched.o
                0x000000000800111c                sched_del_timer
 .text.sched_init
                0x000000000800114c       0x14 build/sched.o
                0x000000000800114c                sched_init
 .text.sched_main
                0x0000000008001160       0x5c build/sched.o
                0x0000000008001160                sched_main
 .text.sched_is_shutdown
                0x00000000080011bc        0xc build/sched.o
                0x00000000080011bc                sched_is_shutdown
 .text.stepper_stop
                0x00000000080011c8       0x1c build/stepper.o
                0x00000000080011c8                stepper_stop
 .text.stepper_stop_all
                0x00000000080011e4       0x24 build/stepper.o
                0x00000000080011e4                stepper_stop_all
 .text.stepper_is_moving
                0x0000000008001208       0x20 build/stepper.o
                0x0000000008001208                stepper_is_moving
 .text.endstop_is_triggered
                0x0000000008001228       0x14 build/endstop.o
                0x0000000008001228                endstop_is_triggered
 .text.endstop_home_start
                0x000000000800123c       0x18 build/endstop.o
                0x000000000800123c                endstop_home_start
 .text.endstop_home_end
                0x0000000008001254       0x14 build/endstop.o
                0x0000000008001254                endstop_home_end
 .text.endstop_set_callback
                0x0000000008001268       0x14 build/endstop.o
                0x0000000008001268                endstop_set_callback
 .text.pwm_timer_callback
                0x000000000800127c       0x4c build/pwmcmds.o
 .text.pwm_init
                0x00000000080012c8       0x44 build/pwmcmds.o
                0x00000000080012c8                pwm_init
 .text.pwm_config
                0x000000000800130c       0x58 build/pwmcmds.o
                0x000000000800130c                pwm_config
 .text.pwm_enable
                0x0000000008001364       0x5c build/pwmcmds.o
                0x0000000008001364                pwm_enable
 .text.pwm_set_duty
                0x00000000080013c0       0x58 build/pwmcmds.o
                0x00000000080013c0                pwm_set_duty
 .text.system_init
                0x0000000008001418       0xa4 build/stm32f4.o
                0x0000000008001418                system_init
 .text.SysTick_Handler
                0x00000000080014bc       0x10 build/stm32f4.o
                0x00000000080014bc                SysTick_Handler
 .text.timer_read_time
                0x00000000080014cc       0x30 build/stm32f4.o
                0x00000000080014cc                timer_read_time
 .text.gpio_init
                0x00000000080014fc       0x18 build/gpio.o
                0x00000000080014fc                gpio_init
 .text.gpio_configure
                0x0000000008001514       0xc4 build/gpio.o
                0x0000000008001514                gpio_configure
 .text.gpio_out_setup
                0x00000000080015d8       0x48 build/gpio.o
                0x00000000080015d8                gpio_out_setup
 .text.gpio_analog_setup
                0x0000000008001620       0x28 build/gpio.o
                0x0000000008001620                gpio_analog_setup
 .text.gpio_out_write
                0x0000000008001648       0x28 build/gpio.o
                0x0000000008001648                gpio_out_write
 .text.pwm_setup
                0x0000000008001670       0x48 build/gpio.o
                0x0000000008001670                pwm_setup
 .text.adc_init.part.0
                0x00000000080016b8       0x8c build/adc.o
 .text.adc_init
                0x0000000008001744       0x10 build/adc.o
                0x0000000008001744                adc_init
 .text.adc_setup
                0x0000000008001754       0x94 build/adc.o
                0x0000000008001754                adc_setup
 .text.adc_read_channel
                0x00000000080017e8       0x84 build/adc.o
                0x00000000080017e8                adc_read_channel
 .text.adc_read
                0x000000000800186c       0x34 build/adc.o
                0x000000000800186c                adc_read
 .text.serial_irq_handler
                0x00000000080018a0       0xf8 build/serial.o
                0x00000000080018a0                serial_irq_handler
 .text.USART1_IRQHandler
                0x0000000008001998       0x18 build/serial.o
                0x0000000008001998                USART1_IRQHandler
 .text.USART2_IRQHandler
                0x00000000080019b0       0x18 build/serial.o
                0x00000000080019b0                USART2_IRQHandler
 .text.USART3_IRQHandler
                0x00000000080019c8       0x18 build/serial.o
                0x00000000080019c8                USART3_IRQHandler
 .text.serial_init_config
                0x00000000080019e0      0x190 build/serial.o
                0x00000000080019e0                serial_init_config
 .text.serial_init
                0x0000000008001b70       0x1c build/serial.o
                0x0000000008001b70                serial_init
 .text.serial_write
                0x0000000008001b8c       0x58 build/serial.o
                0x0000000008001b8c                serial_write
 .text.serial_putc
                0x0000000008001be4       0x30 build/serial.o
                0x0000000008001be4                serial_putc
 .text.print_uint
                0x0000000008001c14       0xc0 build/serial.o
 .text.serial_puts
                0x0000000008001cd4       0x24 build/serial.o
                0x0000000008001cd4                serial_puts
 .text.serial_readline
                0x0000000008001cf8       0x68 build/serial.o
                0x0000000008001cf8                serial_readline
 .text.serial_line_available
                0x0000000008001d60       0x10 build/serial.o
                0x0000000008001d60                serial_line_available
 .text.serial_printf
                0x0000000008001d70      0x174 build/serial.o
                0x0000000008001d70                serial_printf
 .text.trapq_pool_init
                0x0000000008001ee4       0x1c build/trapq.o
                0x0000000008001ee4                trapq_pool_init
 .text.trapq_alloc
                0x0000000008001f00       0x4c build/trapq.o
                0x0000000008001f00                trapq_alloc
 *fill*         0x0000000008001f4c        0x4 
 .text.move_get_distance
                0x0000000008001f50      0x1e0 build/trapq.o
                0x0000000008001f50                move_get_distance
 .text.move_get_coord
                0x0000000008002130       0x74 build/trapq.o
                0x0000000008002130                move_get_coord
 .text.trapq_append
                0x00000000080021a4      0x100 build/trapq.o
                0x00000000080021a4                trapq_append
 .text.trapq_finalize_moves
                0x00000000080022a4       0x60 build/trapq.o
                0x00000000080022a4                trapq_finalize_moves
 .text.trapq_free_moves
                0x0000000008002304       0x88 build/trapq.o
                0x0000000008002304                trapq_free_moves
 .text.itersolve_pool_init
                0x000000000800238c       0x1c build/itersolve.o
                0x000000000800238c                itersolve_pool_init
 .text.itersolve_alloc
                0x00000000080023a8       0x4c build/itersolve.o
                0x00000000080023a8                itersolve_alloc
 .text.itersolve_set_trapq
                0x00000000080023f4        0x4 build/itersolve.o
                0x00000000080023f4                itersolve_set_trapq
 .text.itersolve_generate_steps
                0x00000000080023f8      0x378 build/itersolve.o
                0x00000000080023f8                itersolve_generate_steps
 .text.cartesian_x_calc_position
                0x0000000008002770       0x24 build/kin_cartesian.o
 .text.cartesian_y_calc_position
                0x0000000008002794       0x24 build/kin_cartesian.o
 .text.cartesian_z_calc_position
                0x00000000080027b8       0x24 build/kin_cartesian.o
 .text.cartesian_e_calc_position
                0x00000000080027dc       0x24 build/kin_cartesian.o
 .text.cartesian_stepper_setup
                0x0000000008002800       0x8c build/kin_cartesian.o
                0x0000000008002800                cartesian_stepper_setup
 *fill*         0x000000000800288c        0x4 
 .text.cartesian_calc_direction
                0x0000000008002890      0x16c build/kin_cartesian.o
                0x0000000008002890                cartesian_calc_direction
 .text.Default_Handler
                0x00000000080029fc        0x4 build/main.o
                0x00000000080029fc                RTC_Alarm_IRQHandler
                0x00000000080029fc                HASH_RNG_IRQHandler
                0x00000000080029fc                EXTI2_IRQHandler
                0x00000000080029fc                TIM8_CC_IRQHandler
                0x00000000080029fc                DebugMon_Handler
                0x00000000080029fc                TIM1_CC_IRQHandler
                0x00000000080029fc                DMA2_Stream5_IRQHandler
                0x00000000080029fc                DMA1_Stream5_IRQHandler
                0x00000000080029fc                PVD_IRQHandler
                0x00000000080029fc                SDIO_IRQHandler
                0x00000000080029fc                TAMP_STAMP_IRQHandler
                0x00000000080029fc                PendSV_Handler
                0x00000000080029fc                NMI_Handler
                0x00000000080029fc                CAN2_RX1_IRQHandler
                0x00000000080029fc                EXTI3_IRQHandler
                0x00000000080029fc                TIM8_TRG_COM_TIM14_IRQHandler
                0x00000000080029fc                TIM1_UP_TIM10_IRQHandler
                0x00000000080029fc                TIM8_UP_TIM13_IRQHandler
                0x00000000080029fc                I2C3_ER_IRQHandler
                0x00000000080029fc                EXTI0_IRQHandler
                0x00000000080029fc                I2C2_EV_IRQHandler
                0x00000000080029fc                DMA1_Stream2_IRQHandler
                0x00000000080029fc                CAN1_RX0_IRQHandler
                0x00000000080029fc                FPU_IRQHandler
                0x00000000080029fc                OTG_HS_WKUP_IRQHandler
                0x00000000080029fc                UsageFault_Handler
                0x00000000080029fc                CAN2_SCE_IRQHandler
                0x00000000080029fc                DMA2_Stream2_IRQHandler
                0x00000000080029fc                SPI1_IRQHandler
                0x00000000080029fc                TIM6_DAC_IRQHandler
                0x00000000080029fc                TIM1_BRK_TIM9_IRQHandler
                0x00000000080029fc                DCMI_IRQHandler
                0x00000000080029fc                CAN2_RX0_IRQHandler
                0x00000000080029fc                DMA2_Stream3_IRQHandler
                0x00000000080029fc                USART6_IRQHandler
                0x00000000080029fc                CRYP_IRQHandler
                0x00000000080029fc                CAN1_RX1_IRQHandler
                0x00000000080029fc                UART5_IRQHandler
                0x00000000080029fc                DMA2_Stream0_IRQHandler
                0x00000000080029fc                TIM4_IRQHandler
                0x00000000080029fc                I2C1_EV_IRQHandler
                0x00000000080029fc                DMA1_Stream6_IRQHandler
                0x00000000080029fc                DMA1_Stream1_IRQHandler
                0x00000000080029fc                UART4_IRQHandler
                0x00000000080029fc                TIM3_IRQHandler
                0x00000000080029fc                RCC_IRQHandler
                0x00000000080029fc                TIM8_BRK_TIM12_IRQHandler
                0x00000000080029fc                Default_Handler
                0x00000000080029fc                EXTI15_10_IRQHandler
                0x00000000080029fc                ADC_IRQHandler
                0x00000000080029fc                DMA1_Stream7_IRQHandler
                0x00000000080029fc                TIM7_IRQHandler
                0x00000000080029fc                CAN2_TX_IRQHandler
                0x00000000080029fc                TIM5_IRQHandler
                0x00000000080029fc                DMA2_Stream7_IRQHandler
                0x00000000080029fc                I2C3_EV_IRQHandler
                0x00000000080029fc                EXTI9_5_IRQHandler
                0x00000000080029fc                RTC_WKUP_IRQHandler
                0x00000000080029fc                ETH_WKUP_IRQHandler
                0x00000000080029fc                SPI2_IRQHandler
                0x00000000080029fc                OTG_HS_EP1_IN_IRQHandler
                0x00000000080029fc                MemManage_Handler
                0x00000000080029fc                DMA1_Stream0_IRQHandler
                0x00000000080029fc                CAN1_TX_IRQHandler
                0x00000000080029fc                SVC_Handler
                0x00000000080029fc                EXTI4_IRQHandler
                0x00000000080029fc                FSMC_IRQHandler
                0x00000000080029fc                ETH_IRQHandler
                0x00000000080029fc                OTG_HS_EP1_OUT_IRQHandler
                0x00000000080029fc                WWDG_IRQHandler
                0x00000000080029fc                TIM2_IRQHandler
                0x00000000080029fc                OTG_FS_WKUP_IRQHandler
                0x00000000080029fc                TIM1_TRG_COM_TIM11_IRQHandler
                0x00000000080029fc                OTG_HS_IRQHandler
                0x00000000080029fc                EXTI1_IRQHandler
                0x00000000080029fc                I2C2_ER_IRQHandler
                0x00000000080029fc                DMA2_Stream1_IRQHandler
                0x00000000080029fc                CAN1_SCE_IRQHandler
                0x00000000080029fc                FLASH_IRQHandler
                0x00000000080029fc                DMA2_Stream4_IRQHandler
                0x00000000080029fc                BusFault_Handler
                0x00000000080029fc                OTG_FS_IRQHandler
                0x00000000080029fc                SPI3_IRQHandler
                0x00000000080029fc                DMA1_Stream4_IRQHandler
                0x00000000080029fc                I2C1_ER_IRQHandler
                0x00000000080029fc                DMA2_Stream6_IRQHandler
                0x00000000080029fc                DMA1_Stream3_IRQHandler
 .text.HardFault_Handler
                0x0000000008002a00       0x10 build/main.o
                0x0000000008002a00                HardFault_Handler
 .text.nvic_enable_irq
                0x0000000008002a10       0x1c build/main.o
                0x0000000008002a10                nvic_enable_irq
 .text.nvic_set_priority
                0x0000000008002a2c        0xc build/main.o
                0x0000000008002a2c                nvic_set_priority
 .text.irq_save
                0x0000000008002a38        0x8 build/main.o
                0x0000000008002a38                irq_save
 .text.board_init
                0x0000000008002a40       0x48 build/main.o
                0x0000000008002a40                board_init
 .text.startup.main
                0x0000000008002a88       0xb0 build/main.o
                0x0000000008002a88                main
 .text.Reset_Handler
                0x0000000008002b38       0x64 build/main.o
                0x0000000008002b38                Reset_Handler
 .text.gcode_parse_line.part.0
                0x0000000008002b9c      0x32c build/gcode.o
 .text.gcode_init
                0x0000000008002ec8        0xc build/gcode.o
                0x0000000008002ec8                gcode_init
 .text.gcode_execute
                0x0000000008002ed4      0x350 build/gcode.o
                0x0000000008002ed4                gcode_execute
 .text.gcode_process
                0x0000000008003224       0xac build/gcode.o
                0x0000000008003224                gcode_process
 .text.lookahead_push
                0x00000000080032d0       0x50 build/toolhead.o
 .text.lookahead_pop
                0x0000000008003320       0x4c build/toolhead.o
 *fill*         0x000000000800336c        0x4 
 .text.lookahead_process
                0x0000000008003370      0x3c8 build/toolhead.o
 .text.calc_trapezoidal_profile
                0x0000000008003738      0x220 build/toolhead.o
 .text.lookahead_flush
                0x0000000008003958       0xc8 build/toolhead.o
 .text.home_endstop_callback
                0x0000000008003a20       0x1c build/toolhead.o
 *fill*         0x0000000008003a3c        0x4 
 .text.toolhead_init
                0x0000000008003a40      0x160 build/toolhead.o
                0x0000000008003a40                toolhead_init
 .text.toolhead_get_position
                0x0000000008003ba0       0x34 build/toolhead.o
                0x0000000008003ba0                toolhead_get_position
 *fill*         0x0000000008003bd4        0x4 
 .text.toolhead_move
                0x0000000008003bd8      0x390 build/toolhead.o
                0x0000000008003bd8                toolhead_move
 .text.toolhead_wait_moves
                0x0000000008003f68       0x98 build/toolhead.o
                0x0000000008003f68                toolhead_wait_moves
 .text.toolhead_flush
                0x0000000008004000       0x74 build/toolhead.o
                0x0000000008004000                toolhead_flush
 *fill*         0x0000000008004074        0x4 
 .text.toolhead_home
                0x0000000008004078      0x2d8 build/toolhead.o
                0x0000000008004078                toolhead_home
 .text.heater_init.part.0
                0x0000000008004350       0xc4 build/heater.o
 .text.heater_get_temp.part.0
                0x0000000008004414      0x120 build/heater.o
 .text.heater_init
                0x0000000008004534       0x10 build/heater.o
                0x0000000008004534                heater_init
 .text.heater_set_temp
                0x0000000008004544      0x100 build/heater.o
                0x0000000008004544                heater_set_temp
 .text.heater_is_at_target
                0x0000000008004644       0x58 build/heater.o
                0x0000000008004644                heater_is_at_target
 .text.fan_init.part.0
                0x000000000800469c       0x50 build/fan.o
 .text.fan_init
                0x00000000080046ec       0x10 build/fan.o
                0x00000000080046ec                fan_init
 .text.fan_set_speed
                0x00000000080046fc      0x114 build/fan.o
                0x00000000080046fc                fan_set_speed
 *(.glue_7)
 .glue_7        0x0000000008004810        0x0 linker stubs
 *(.glue_7t)
 .glue_7t       0x0000000008004810        0x0 linker stubs
 *(.eh_frame)
 .eh_frame      0x0000000008004810        0x0 /usr/lib/gcc/arm-none-eabi/10.3.1/thumb/v7e-m+fp/hard/crtbegin.o
 *(.init)
 .init          0x0000000008004810        0x4 /usr/lib/gcc/arm-none-eabi/10.3.1/thumb/v7e-m+fp/hard/crti.o
                0x0000000008004810                _init
 .init          0x0000000008004814        0x8 /usr/lib/gcc/arm-none-eabi/10.3.1/thumb/v7e-m+fp/hard/crtn.o
 *(.fini)
 .fini          0x000000000800481c        0x4 /usr/lib/gcc/arm-none-eabi/10.3.1/thumb/v7e-m+fp/hard/crti.o
                0x000000000800481c                _fini
 .fini          0x0000000008004820        0x8 /usr/lib/gcc/arm-none-eabi/10.3.1/thumb/v7e-m+fp/hard/crtn.o
                0x0000000008004828                . = ALIGN (0x4)
                0x0000000008004828                _etext = .

.vfp11_veneer   0x0000000008004828        0x0
 .vfp11_veneer  0x0000000008004828        0x0 linker stubs

.v4_bx          0x0000000008004828        0x0
 .v4_bx         0x0000000008004828        0x0 linker stubs

.iplt           0x0000000008004828        0x0
 .iplt          0x0000000008004828        0x0 /usr/lib/gcc/arm-none-eabi/10.3.1/thumb/v7e-m+fp/hard/crtbegin.o

.rodata         0x0000000008004828      0x3fc
                0x0000000008004828                . = ALIGN (0x4)
 *(.rodata)
 .rodata        0x0000000008004828        0xd build/gpio.o
 *fill*         0x0000000008004835        0x3 
 .rodata        0x0000000008004838        0x5 build/serial.o
 *fill*         0x000000000800483d        0x3 
 .rodata        0x0000000008004840      0x101 /usr/lib/gcc/arm-none-eabi/10.3.1/../../../arm-none-eabi/lib/thumb/v7e-m+fp/hard/libc_nano.a(lib_a-ctype_.o)
                0x0000000008004840                _ctype_
 *(.rodata*)
 *fill*         0x0000000008004941        0x3 
 .rodata.gpio_bases
                0x0000000008004944       0x24 build/gpio.o
 .rodata.CSWTCH.70
                0x0000000008004968        0x3 build/serial.o
 *fill*         0x000000000800496b        0x1 
 .rodata.CSWTCH.71
                0x000000000800496c        0x3 build/serial.o
 *fill*         0x000000000800496f        0x1 
 .rodata.HardFault_Handler.str1.4
                0x0000000008004970       0x16 build/main.o
 *fill*         0x0000000008004986        0x2 
 .rodata.board_init.str1.4
                0x0000000008004988       0x85 build/main.o
                                         0x89 (size before relaxing)
 *fill*         0x0000000008004a0d        0x3 
 .rodata.main.str1.4
                0x0000000008004a10       0xcc build/main.o
 .rodata.gcode_execute.str1.4
                0x0000000008004adc       0x32 build/gcode.o
 .rodata.gcode_respond.str1.4
                0x0000000008004b0e        0x3 build/gcode.o
 *fill*         0x0000000008004b0e        0x2 
 .rodata.gcode_process.str1.4
                0x0000000008004b10       0x5f build/gcode.o
 *fill*         0x0000000008004b6f        0x1 
 .rodata.s_heater_config
                0x0000000008004b70       0x28 build/heater.o
 .rodata.s_heater_pwm_channel
                0x0000000008004b98        0x2 build/heater.o
 *fill*         0x0000000008004b9a        0x2 
 .rodata.s_ntc_table
                0x0000000008004b9c       0x84 build/heater.o
 .rodata.s_fan_pwm_channel
                0x0000000008004c20        0x2 build/fan.o
                0x0000000008004c24                . = ALIGN (0x4)
 *fill*         0x0000000008004c22        0x2 

.rel.dyn        0x0000000008004c24        0x0
 .rel.iplt      0x0000000008004c24        0x0 /usr/lib/gcc/arm-none-eabi/10.3.1/thumb/v7e-m+fp/hard/crtbegin.o

.ARM.extab
 *(.ARM.extab* .gnu.linkonce.armextab.*)

.ARM            0x0000000008004c24        0x0
                0x0000000008004c24                __exidx_start = .
 *(.ARM.exidx*)
                0x0000000008004c24                __exidx_end = .

.preinit_array  0x0000000008004c24        0x0
                0x0000000008004c24                PROVIDE (__preinit_array_start = .)
 *(.preinit_array*)
                0x0000000008004c24                PROVIDE (__preinit_array_end = .)

.init_array     0x0000000008004c24        0x4
                0x0000000008004c24                PROVIDE (__init_array_start = .)
 *(SORT_BY_NAME(.init_array.*))
 *(.init_array*)
 .init_array    0x0000000008004c24        0x4 /usr/lib/gcc/arm-none-eabi/10.3.1/thumb/v7e-m+fp/hard/crtbegin.o
                0x0000000008004c28                PROVIDE (__init_array_end = .)

.fini_array     0x0000000008004c28        0x4
                0x0000000008004c28                PROVIDE (__fini_array_start = .)
 *(SORT_BY_NAME(.fini_array.*))
 *(.fini_array*)
 .fini_array    0x0000000008004c28        0x4 /usr/lib/gcc/arm-none-eabi/10.3.1/thumb/v7e-m+fp/hard/crtbegin.o
                0x0000000008004c2c                PROVIDE (__fini_array_end = .)
                0x0000000008004c2c                _sidata = LOADADDR (.data)

.data           0x0000000020000000       0x74 load address 0x0000000008004c2c
                0x0000000020000000                . = ALIGN (0x4)
                0x0000000020000000                _sdata = .
 *(.data)
 .data          0x0000000020000000        0x1 /usr/lib/gcc/arm-none-eabi/10.3.1/../../../arm-none-eabi/lib/thumb/v7e-m+fp/hard/libm.a(lib_a-s_lib_ver.o)
                0x0000000020000000                __fdlib_version
 *fill*         0x0000000020000001        0x3 
 .data          0x0000000020000004       0x64 /usr/lib/gcc/arm-none-eabi/10.3.1/../../../arm-none-eabi/lib/thumb/v7e-m+fp/hard/libc_nano.a(lib_a-impure.o)
                0x0000000020000004                _impure_ptr
 *(.data*)
 .data.s_usart  0x0000000020000068        0x4 build/serial.o
 .data.s_usart_irq
                0x000000002000006c        0x1 build/serial.o
 *fill*         0x000000002000006d        0x3 
 .data.s_feedrate
                0x0000000020000070        0x4 build/gcode.o
 *(.RamFunc)
 *(.RamFunc*)
                0x0000000020000074                . = ALIGN (0x4)
                0x0000000020000074                _edata = .
                0x0000000008004ca0                _siccmram = LOADADDR (.ccmram)

.tm_clone_table
                0x0000000020000074        0x0 load address 0x0000000008004ca0
 .tm_clone_table
                0x0000000020000074        0x0 /usr/lib/gcc/arm-none-eabi/10.3.1/thumb/v7e-m+fp/hard/crtbegin.o
 .tm_clone_table
                0x0000000020000074        0x0 /usr/lib/gcc/arm-none-eabi/10.3.1/thumb/v7e-m+fp/hard/crtend.o

.igot.plt       0x0000000020000074        0x0 load address 0x0000000008004ca0
 .igot.plt      0x0000000020000074        0x0 /usr/lib/gcc/arm-none-eabi/10.3.1/thumb/v7e-m+fp/hard/crtbegin.o

.ccmram         0x0000000010000000        0x0 load address 0x0000000008004ca0
                0x0000000010000000                . = ALIGN (0x4)
                0x0000000010000000                _sccmram = .
 *(.ccmram)
 *(.ccmram*)
                0x0000000010000000                . = ALIGN (0x4)
                0x0000000010000000                _eccmram = .

.bss            0x0000000020000078     0x21a8
                0x0000000020000078                . = ALIGN (0x4)
                0x0000000020000078                _sbss = .
                0x0000000020000078                __bss_start__ = _sbss
 *(.bss)
 .bss           0x0000000020000078       0x1c /usr/lib/gcc/arm-none-eabi/10.3.1/thumb/v7e-m+fp/hard/crtbegin.o
 *(.bss*)
 .bss.s_shutdown_flag
                0x0000000020000094        0x4 build/sched.o
 .bss.s_timer_list
                0x0000000020000098        0x4 build/sched.o
 .bss.s_stepper_timer
                0x000000002000009c        0xc build/stepper.o
 .bss.s_steppers
                0x00000000200000a8       0x70 build/stepper.o
 .bss.s_endstops
                0x0000000020000118       0x30 build/endstop.o
 .bss.s_pwm_channels
                0x0000000020000148       0x40 build/pwmcmds.o
 .bss.s_pwm_counter.0
                0x0000000020000188        0x1 build/pwmcmds.o
 *fill*         0x0000000020000189        0x3 
 .bss.s_pwm_timer
                0x000000002000018c        0xc build/pwmcmds.o
 .bss.s_soft_pwm_enabled
                0x0000000020000198        0x1 build/pwmcmds.o
 *fill*         0x0000000020000199        0x3 
 .bss.systick_count
                0x000000002000019c        0x4 build/stm32f4.o
 .bss.s_adc_initialized
                0x00000000200001a0        0x1 build/adc.o
 .bss.s_initialized
                0x00000000200001a1        0x1 build/serial.o
 *fill*         0x00000000200001a2        0x2 
 .bss.s_line_buffer
                0x00000000200001a4       0x80 build/serial.o
 .bss.s_line_len
                0x0000000020000224        0x4 build/serial.o
 .bss.s_line_ready
                0x0000000020000228        0x1 build/serial.o
 *fill*         0x0000000020000229        0x3 
 .bss.s_rx_buffer
                0x000000002000022c      0x10c build/serial.o
 .bss.s_tx_buffer
                0x0000000020000338      0x10c build/serial.o
 *fill*         0x0000000020000444        0x4 
 .bss.move_pool
                0x0000000020000448     0x1100 build/trapq.o
 .bss.move_pool_used
                0x0000000020001548       0x20 build/trapq.o
 .bss.trapq_pool
                0x0000000020001568       0x20 build/trapq.o
 .bss.trapq_pool_used
                0x0000000020001588        0x2 build/trapq.o
 *fill*         0x000000002000158a        0x6 
 .bss.sk_pool   0x0000000020001590      0x240 build/itersolve.o
 .bss.sk_pool_used
                0x00000000200017d0        0x8 build/itersolve.o
 .bss.s_system_ready
                0x00000000200017d8        0x1 build/main.o
 .bss.s_coord_mode
                0x00000000200017d9        0x1 build/gcode.o
 *fill*         0x00000000200017da        0x2 
 .bss.s_line_buffer
                0x00000000200017dc       0x80 build/gcode.o
 .bss.s_pos_e   0x000000002000185c        0x4 build/gcode.o
 .bss.s_pos_x   0x0000000020001860        0x4 build/gcode.o
 .bss.s_pos_y   0x0000000020001864        0x4 build/gcode.o
 .bss.s_pos_z   0x0000000020001868        0x4 build/gcode.o
 *fill*         0x000000002000186c        0x4 
 .bss.s_commanded_pos
                0x0000000020001870       0x20 build/toolhead.o
 .bss.s_config  0x0000000020001890       0x10 build/toolhead.o
 .bss.s_home_ctx
                0x00000000200018a0       0x18 build/toolhead.o
 .bss.s_initialized
                0x00000000200018b8        0x1 build/toolhead.o
 *fill*         0x00000000200018b9        0x7 
 .bss.s_lookahead
                0x00000000200018c0      0x880 build/toolhead.o
 .bss.s_lookahead_count
                0x0000000020002140        0x4 build/toolhead.o
 .bss.s_lookahead_head
                0x0000000020002144        0x4 build/toolhead.o
 .bss.s_lookahead_tail
                0x0000000020002148        0x4 build/toolhead.o
 *fill*         0x000000002000214c        0x4 
 .bss.s_max_pos
                0x0000000020002150       0x20 build/toolhead.o
 .bss.s_min_pos
                0x0000000020002170       0x20 build/toolhead.o
 .bss.s_move_complete_arg
                0x0000000020002190        0x4 build/toolhead.o
 .bss.s_move_complete_cb
                0x0000000020002194        0x4 build/toolhead.o
 .bss.s_p_trapq
                0x0000000020002198        0x4 build/toolhead.o
 *fill*         0x000000002000219c        0x4 
 .bss.s_print_time
                0x00000000200021a0        0x8 build/toolhead.o
 .bss.s_steppers
                0x00000000200021a8       0x10 build/toolhead.o
 .bss.s_steps_per_mm
                0x00000000200021b8       0x20 build/toolhead.o
 .bss.s_heater_state
                0x00000000200021d8       0x30 build/heater.o
 .bss.s_module_initialized
                0x0000000020002208        0x1 build/heater.o
 *fill*         0x0000000020002209        0x3 
 .bss.s_fan_state
                0x000000002000220c       0x10 build/fan.o
 .bss.s_module_initialized
                0x000000002000221c        0x1 build/fan.o
 *(COMMON)
                0x0000000020002220                . = ALIGN (0x4)
 *fill*         0x000000002000221d        0x3 
                0x0000000020002220                _ebss = .
                0x0000000020002220                __bss_end__ = _ebss

._user_heap_stack
                0x0000000020002220     0x1400
                0x0000000020002220                . = ALIGN (0x8)
                0x0000000020002220                PROVIDE (end = .)
                [!provide]                        PROVIDE (_end = .)
                0x0000000020002620                . = (. + _Min_Heap_Size)
 *fill*         0x0000000020002220      0x400 
                0x0000000020003620                . = (. + _Min_Stack_Size)
 *fill*         0x0000000020002620     0x1000 
                0x0000000020003620                . = ALIGN (0x8)
                0x0000000020020000                _estack = (ORIGIN (RAM) + LENGTH (RAM))

/DISCARD/
 libc.a(*)
 libm.a(*)
 libgcc.a(*)

.ARM.attributes
                0x0000000000000000       0x30
 *(.ARM.attributes)
 .ARM.attributes
                0x0000000000000000       0x1e /usr/lib/gcc/arm-none-eabi/10.3.1/thumb/v7e-m+fp/hard/crti.o
 .ARM.attributes
                0x000000000000001e       0x34 /usr/lib/gcc/arm-none-eabi/10.3.1/thumb/v7e-m+fp/hard/crtbegin.o
 .ARM.attributes
                0x0000000000000052       0x34 build/sched.o
 .ARM.attributes
                0x0000000000000086       0x34 build/stepper.o
 .ARM.attributes
                0x00000000000000ba       0x34 build/endstop.o
 .ARM.attributes
                0x00000000000000ee       0x34 build/pwmcmds.o
 .ARM.attributes
                0x0000000000000122       0x34 build/stm32f4.o
 .ARM.attributes
                0x0000000000000156       0x34 build/gpio.o
 .ARM.attributes
                0x000000000000018a       0x34 build/adc.o
 .ARM.attributes
                0x00000000000001be       0x34 build/serial.o
 .ARM.attributes
                0x00000000000001f2       0x34 build/trapq.o
 .ARM.attributes
                0x0000000000000226       0x34 build/itersolve.o
 .ARM.attributes
                0x000000000000025a       0x34 build/kin_cartesian.o
 .ARM.attributes
                0x000000000000028e       0x34 build/main.o
 .ARM.attributes
                0x00000000000002c2       0x34 build/gcode.o
 .ARM.attributes
                0x00000000000002f6       0x34 build/toolhead.o
 .ARM.attributes
                0x000000000000032a       0x34 build/heater.o
 .ARM.attributes
                0x000000000000035e       0x34 build/fan.o
 .ARM.attributes
                0x0000000000000392       0x34 /usr/lib/gcc/arm-none-eabi/10.3.1/../../../arm-none-eabi/lib/thumb/v7e-m+fp/hard/libm.a(lib_a-s_ceil.o)
 .ARM.attributes
                0x00000000000003c6       0x34 /usr/lib/gcc/arm-none-eabi/10.3.1/../../../arm-none-eabi/lib/thumb/v7e-m+fp/hard/libm.a(lib_a-s_floor.o)
 .ARM.attributes
                0x00000000000003fa       0x34 /usr/lib/gcc/arm-none-eabi/10.3.1/../../../arm-none-eabi/lib/thumb/v7e-m+fp/hard/libm.a(lib_a-w_sqrt.o)
 .ARM.attributes
                0x000000000000042e       0x34 /usr/lib/gcc/arm-none-eabi/10.3.1/../../../arm-none-eabi/lib/thumb/v7e-m+fp/hard/libm.a(lib_a-e_sqrt.o)
 .ARM.attributes
                0x0000000000000462       0x32 /usr/lib/gcc/arm-none-eabi/10.3.1/../../../arm-none-eabi/lib/thumb/v7e-m+fp/hard/libm.a(lib_a-s_lib_ver.o)
 .ARM.attributes
                0x0000000000000494       0x32 /usr/lib/gcc/arm-none-eabi/10.3.1/../../../arm-none-eabi/lib/thumb/v7e-m+fp/hard/libc_nano.a(lib_a-ctype_.o)
 .ARM.attributes
                0x00000000000004c6       0x34 /usr/lib/gcc/arm-none-eabi/10.3.1/../../../arm-none-eabi/lib/thumb/v7e-m+fp/hard/libc_nano.a(lib_a-errno.o)
 .ARM.attributes
                0x00000000000004fa       0x32 /usr/lib/gcc/arm-none-eabi/10.3.1/../../../arm-none-eabi/lib/thumb/v7e-m+fp/hard/libc_nano.a(lib_a-impure.o)
 .ARM.attributes
                0x000000000000052c       0x1c /usr/lib/gcc/arm-none-eabi/10.3.1/../../../arm-none-eabi/lib/thumb/v7e-m+fp/hard/libc_nano.a(lib_a-memcpy.o)
 .ARM.attributes
                0x0000000000000548       0x34 /usr/lib/gcc/arm-none-eabi/10.3.1/../../../arm-none-eabi/lib/thumb/v7e-m+fp/hard/libc_nano.a(lib_a-memset.o)
 .ARM.attributes
                0x000000000000057c       0x1e /usr/lib/gcc/arm-none-eabi/10.3.1/thumb/v7e-m+fp/hard/libgcc.a(_arm_addsubdf3.o)
 .ARM.attributes
                0x000000000000059a       0x1e /usr/lib/gcc/arm-none-eabi/10.3.1/thumb/v7e-m+fp/hard/libgcc.a(_arm_muldivdf3.o)
 .ARM.attributes
                0x00000000000005b8       0x1e /usr/lib/gcc/arm-none-eabi/10.3.1/thumb/v7e-m+fp/hard/libgcc.a(_arm_cmpdf2.o)
 .ARM.attributes
                0x00000000000005d6       0x1e /usr/lib/gcc/arm-none-eabi/10.3.1/thumb/v7e-m+fp/hard/libgcc.a(_arm_unorddf2.o)
 .ARM.attributes
                0x00000000000005f4       0x32 /usr/lib/gcc/arm-none-eabi/10.3.1/thumb/v7e-m+fp/hard/crtend.o
 .ARM.attributes
                0x0000000000000626       0x1e /usr/lib/gcc/arm-none-eabi/10.3.1/thumb/v7e-m+fp/hard/crtn.o
                0x0000000008004c2c                PROVIDE (_sidata = LOADADDR (.data))
                [!provide]                        PROVIDE (_sdata = ADDR (.data))
                [!provide]                        PROVIDE (_edata = (ADDR (.data) + SIZEOF (.data)))
                [!provide]                        PROVIDE (_sbss = ADDR (.bss))
                [!provide]                        PROVIDE (_ebss = (ADDR (.bss) + SIZEOF (.bss)))
                [!provide]                        PROVIDE (_estack = (ORIGIN (RAM) + LENGTH (RAM)))
                [!provide]                        PROVIDE (_heap_start = _ebss)
                [!provide]                        PROVIDE (_heap_end = (_estack - _Min_Stack_Size))
OUTPUT(build/klipper-mcu.elf elf32-littlearm)
LOAD linker stubs
LOAD /usr/lib/gcc/arm-none-eabi/10.3.1/../../../arm-none-eabi/lib/thumb/v7e-m+fp/hard/libc.a
LOAD /usr/lib/gcc/arm-none-eabi/10.3.1/../../../arm-none-eabi/lib/thumb/v7e-m+fp/hard/libm.a
LOAD /usr/lib/gcc/arm-none-eabi/10.3.1/thumb/v7e-m+fp/hard/libgcc.a

.comment        0x0000000000000000       0x33
 .comment       0x0000000000000000       0x33 /usr/lib/gcc/arm-none-eabi/10.3.1/thumb/v7e-m+fp/hard/crtbegin.o
                                         0x34 (size before relaxing)
 .comment       0x0000000000000033       0x34 build/sched.o
 .comment       0x0000000000000033       0x34 build/stepper.o
 .comment       0x0000000000000033       0x34 build/endstop.o
 .comment       0x0000000000000033       0x34 build/pwmcmds.o
 .comment       0x0000000000000033       0x34 build/stm32f4.o
 .comment       0x0000000000000033       0x34 build/gpio.o
 .comment       0x0000000000000033       0x34 build/adc.o
 .comment       0x0000000000000033       0x34 build/serial.o
 .comment       0x0000000000000033       0x34 build/trapq.o
 .comment       0x0000000000000033       0x34 build/itersolve.o
 .comment       0x0000000000000033       0x34 build/kin_cartesian.o
 .comment       0x0000000000000033       0x34 build/main.o
 .comment       0x0000000000000033       0x34 build/gcode.o
 .comment       0x0000000000000033       0x34 build/toolhead.o
 .comment       0x0000000000000033       0x34 build/heater.o
 .comment       0x0000000000000033       0x34 build/fan.o
 .comment       0x0000000000000033       0x34 /usr/lib/gcc/arm-none-eabi/10.3.1/../../../arm-none-eabi/lib/thumb/v7e-m+fp/hard/libm.a(lib_a-s_ceil.o)
 .comment       0x0000000000000033       0x34 /usr/lib/gcc/arm-none-eabi/10.3.1/../../../arm-none-eabi/lib/thumb/v7e-m+fp/hard/libm.a(lib_a-s_floor.o)
 .comment       0x0000000000000033       0x34 /usr/lib/gcc/arm-none-eabi/10.3.1/../../../arm-none-eabi/lib/thumb/v7e-m+fp/hard/libm.a(lib_a-w_sqrt.o)
 .comment       0x0000000000000033       0x34 /usr/lib/gcc/arm-none-eabi/10.3.1/../../../arm-none-eabi/lib/thumb/v7e-m+fp/hard/libm.a(lib_a-e_sqrt.o)
 .comment       0x0000000000000033       0x34 /usr/lib/gcc/arm-none-eabi/10.3.1/../../../arm-none-eabi/lib/thumb/v7e-m+fp/hard/libm.a(lib_a-s_lib_ver.o)
 .comment       0x0000000000000033       0x34 /usr/lib/gcc/arm-none-eabi/10.3.1/../../../arm-none-eabi/lib/thumb/v7e-m+fp/hard/libc_nano.a(lib_a-ctype_.o)
 .comment       0x0000000000000033       0x34 /usr/lib/gcc/arm-none-eabi/10.3.1/../../../arm-none-eabi/lib/thumb/v7e-m+fp/hard/libc_nano.a(lib_a-errno.o)
 .comment       0x0000000000000033       0x34 /usr/lib/gcc/arm-none-eabi/10.3.1/../../../arm-none-eabi/lib/thumb/v7e-m+fp/hard/libc_nano.a(lib_a-impure.o)
 .comment       0x0000000000000033       0x34 /usr/lib/gcc/arm-none-eabi/10.3.1/../../../arm-none-eabi/lib/thumb/v7e-m+fp/hard/libc_nano.a(lib_a-memset.o)
 .comment       0x0000000000000033       0x34 /usr/lib/gcc/arm-none-eabi/10.3.1/thumb/v7e-m+fp/hard/crtend.o

.debug_info     0x0000000000000000     0xd74f
 .debug_info    0x0000000000000000      0x7ce build/sched.o
 .debug_info    0x00000000000007ce      0x9f5 build/stepper.o
 .debug_info    0x00000000000011c3      0x5bd build/endstop.o
 .debug_info    0x0000000000001780      0x5b3 build/pwmcmds.o
 .debug_info    0x0000000000001d33      0x2de build/stm32f4.o
 .debug_info    0x0000000000002011      0xcf1 build/gpio.o
 .debug_info    0x0000000000002d02      0x655 build/adc.o
 .debug_info    0x0000000000003357     0x150c build/serial.o
 .debug_info    0x0000000000004863      0xf52 build/trapq.o
 .debug_info    0x00000000000057b5      0xd13 build/itersolve.o
 .debug_info    0x00000000000064c8      0xc6d build/kin_cartesian.o
 .debug_info    0x0000000000007135      0x808 build/main.o
 .debug_info    0x000000000000793d     0x131a build/gcode.o
 .debug_info    0x0000000000008c57     0x1c75 build/toolhead.o
 .debug_info    0x000000000000a8cc      0xd63 build/heater.o
 .debug_info    0x000000000000b62f      0x52e build/fan.o
 .debug_info    0x000000000000bb5d      0x226 /usr/lib/gcc/arm-none-eabi/10.3.1/../../../arm-none-eabi/lib/thumb/v7e-m+fp/hard/libm.a(lib_a-s_ceil.o)
 .debug_info    0x000000000000bd83      0x226 /usr/lib/gcc/arm-none-eabi/10.3.1/../../../arm-none-eabi/lib/thumb/v7e-m+fp/hard/libm.a(lib_a-s_floor.o)
 .debug_info    0x000000000000bfa9      0x167 /usr/lib/gcc/arm-none-eabi/10.3.1/../../../arm-none-eabi/lib/thumb/v7e-m+fp/hard/libm.a(lib_a-w_sqrt.o)
 .debug_info    0x000000000000c110      0x2c6 /usr/lib/gcc/arm-none-eabi/10.3.1/../../../arm-none-eabi/lib/thumb/v7e-m+fp/hard/libm.a(lib_a-e_sqrt.o)
 .debug_info    0x000000000000c3d6       0xbb /usr/lib/gcc/arm-none-eabi/10.3.1/../../../arm-none-eabi/lib/thumb/v7e-m+fp/hard/libm.a(lib_a-s_lib_ver.o)
 .debug_info    0x000000000000c491       0xb8 /usr/lib/gcc/arm-none-eabi/10.3.1/../../../arm-none-eabi/lib/thumb/v7e-m+fp/hard/libc_nano.a(lib_a-ctype_.o)
 .debug_info    0x000000000000c549      0x7ae /usr/lib/gcc/arm-none-eabi/10.3.1/../../../arm-none-eabi/lib/thumb/v7e-m+fp/hard/libc_nano.a(lib_a-errno.o)
 .debug_info    0x000000000000ccf7      0x863 /usr/lib/gcc/arm-none-eabi/10.3.1/../../../arm-none-eabi/lib/thumb/v7e-m+fp/hard/libc_nano.a(lib_a-impure.o)
 .debug_info    0x000000000000d55a       0x26 /usr/lib/gcc/arm-none-eabi/10.3.1/../../../arm-none-eabi/lib/thumb/v7e-m+fp/hard/libc_nano.a(lib_a-memcpy.o)
 .debug_info    0x000000000000d580      0x137 /usr/lib/gcc/arm-none-eabi/10.3.1/../../../arm-none-eabi/lib/thumb/v7e-m+fp/hard/libc_nano.a(lib_a-memset.o)
 .debug_info    0x000000000000d6b7       0x26 /usr/lib/gcc/arm-none-eabi/10.3.1/thumb/v7e-m+fp/hard/libgcc.a(_arm_addsubdf3.o)
 .debug_info    0x000000000000d6dd       0x26 /usr/lib/gcc/arm-none-eabi/10.3.1/thumb/v7e-m+fp/hard/libgcc.a(_arm_muldivdf3.o)
 .debug_info    0x000000000000d703       0x26 /usr/lib/gcc/arm-none-eabi/10.3.1/thumb/v7e-m+fp/hard/libgcc.a(_arm_cmpdf2.o)
 .debug_info    0x000000000000d729       0x26 /usr/lib/gcc/arm-none-eabi/10.3.1/thumb/v7e-m+fp/hard/libgcc.a(_arm_unorddf2.o)

.debug_abbrev   0x0000000000000000     0x3bdd
 .debug_abbrev  0x0000000000000000      0x283 build/sched.o
 .debug_abbrev  0x0000000000000283      0x3b2 build/stepper.o
 .debug_abbrev  0x0000000000000635      0x273 build/endstop.o
 .debug_abbrev  0x00000000000008a8      0x2ae build/pwmcmds.o
 .debug_abbrev  0x0000000000000b56      0x1d3 build/stm32f4.o
 .debug_abbrev  0x0000000000000d29      0x386 build/gpio.o
 .debug_abbrev  0x00000000000010af      0x2b7 build/adc.o
 .debug_abbrev  0x0000000000001366      0x464 build/serial.o
 .debug_abbrev  0x00000000000017ca      0x313 build/trapq.o
 .debug_abbrev  0x0000000000001add      0x344 build/itersolve.o
 .debug_abbrev  0x0000000000001e21      0x26d build/kin_cartesian.o
 .debug_abbrev  0x000000000000208e      0x326 build/main.o
 .debug_abbrev  0x00000000000023b4      0x550 build/gcode.o
 .debug_abbrev  0x0000000000002904      0x408 build/toolhead.o
 .debug_abbrev  0x0000000000002d0c      0x338 build/heater.o
 .debug_abbrev  0x0000000000003044      0x25f build/fan.o
 .debug_abbrev  0x00000000000032a3      0x133 /usr/lib/gcc/arm-none-eabi/10.3.1/../../../arm-none-eabi/lib/thumb/v7e-m+fp/hard/libm.a(lib_a-s_ceil.o)
 .debug_abbrev  0x00000000000033d6      0x133 /usr/lib/gcc/arm-none-eabi/10.3.1/../../../arm-none-eabi/lib/thumb/v7e-m+fp/hard/libm.a(lib_a-s_floor.o)
 .debug_abbrev  0x0000000000003509       0xee /usr/lib/gcc/arm-none-eabi/10.3.1/../../../arm-none-eabi/lib/thumb/v7e-m+fp/hard/libm.a(lib_a-w_sqrt.o)
 .debug_abbrev  0x00000000000035f7      0x155 /usr/lib/gcc/arm-none-eabi/10.3.1/../../../arm-none-eabi/lib/thumb/v7e-m+fp/hard/libm.a(lib_a-e_sqrt.o)
 .debug_abbrev  0x000000000000374c       0x6f /usr/lib/gcc/arm-none-eabi/10.3.1/../../../arm-none-eabi/lib/thumb/v7e-m+fp/hard/libm.a(lib_a-s_lib_ver.o)
 .debug_abbrev  0x00000000000037bb       0x62 /usr/lib/gcc/arm-none-eabi/10.3.1/../../../arm-none-eabi/lib/thumb/v7e-m+fp/hard/libc_nano.a(lib_a-ctype_.o)
 .debug_abbrev  0x000000000000381d      0x157 /usr/lib/gcc/arm-none-eabi/10.3.1/../../../arm-none-eabi/lib/thumb/v7e-m+fp/hard/libc_nano.a(lib_a-errno.o)
 .debug_abbrev  0x0000000000003974      0x151 /usr/lib/gcc/arm-none-eabi/10.3.1/../../../arm-none-eabi/lib/thumb/v7e-m+fp/hard/libc_nano.a(lib_a-impure.o)
 .debug_abbrev  0x0000000000003ac5       0x14 /usr/lib/gcc/arm-none-eabi/10.3.1/../../../arm-none-eabi/lib/thumb/v7e-m+fp/hard/libc_nano.a(lib_a-memcpy.o)
 .debug_abbrev  0x0000000000003ad9       0xb4 /usr/lib/gcc/arm-none-eabi/10.3.1/../../../arm-none-eabi/lib/thumb/v7e-m+fp/hard/libc_nano.a(lib_a-memset.o)
 .debug_abbrev  0x0000000000003b8d       0x14 /usr/lib/gcc/arm-none-eabi/10.3.1/thumb/v7e-m+fp/hard/libgcc.a(_arm_addsubdf3.o)
 .debug_abbrev  0x0000000000003ba1       0x14 /usr/lib/gcc/arm-none-eabi/10.3.1/thumb/v7e-m+fp/hard/libgcc.a(_arm_muldivdf3.o)
 .debug_abbrev  0x0000000000003bb5       0x14 /usr/lib/gcc/arm-none-eabi/10.3.1/thumb/v7e-m+fp/hard/libgcc.a(_arm_cmpdf2.o)
 .debug_abbrev  0x0000000000003bc9       0x14 /usr/lib/gcc/arm-none-eabi/10.3.1/thumb/v7e-m+fp/hard/libgcc.a(_arm_unorddf2.o)

.debug_loc      0x0000000000000000     0x9aaf
 .debug_loc     0x0000000000000000      0x3e5 build/sched.o
 .debug_loc     0x00000000000003e5      0x932 build/stepper.o
 .debug_loc     0x0000000000000d17      0x352 build/endstop.o
 .debug_loc     0x0000000000001069      0x46f build/pwmcmds.o
 .debug_loc     0x00000000000014d8      0x249 build/stm32f4.o
 .debug_loc     0x0000000000001721      0xd69 build/gpio.o
 .debug_loc     0x000000000000248a      0x5c2 build/adc.o
 .debug_loc     0x0000000000002a4c     0x102f build/serial.o
 .debug_loc     0x0000000000003a7b      0xdeb build/trapq.o
 .debug_loc     0x0000000000004866      0xaad build/itersolve.o
 .debug_loc     0x0000000000005313      0xa54 build/kin_cartesian.o
 .debug_loc     0x0000000000005d67      0x189 build/main.o
 .debug_loc     0x0000000000005ef0     0x1122 build/gcode.o
 .debug_loc     0x0000000000007012     0x11a9 build/toolhead.o
 .debug_loc     0x00000000000081bb      0xa12 build/heater.o
 .debug_loc     0x0000000000008bcd      0x2e1 build/fan.o
 .debug_loc     0x0000000000008eae      0x21f /usr/lib/gcc/arm-none-eabi/10.3.1/../../../arm-none-eabi/lib/thumb/v7e-m+fp/hard/libm.a(lib_a-s_ceil.o)
 .debug_loc     0x00000000000090cd      0x22c /usr/lib/gcc/arm-none-eabi/10.3.1/../../../arm-none-eabi/lib/thumb/v7e-m+fp/hard/libm.a(lib_a-s_floor.o)
 .debug_loc     0x00000000000092f9       0x98 /usr/lib/gcc/arm-none-eabi/10.3.1/../../../arm-none-eabi/lib/thumb/v7e-m+fp/hard/libm.a(lib_a-w_sqrt.o)
 .debug_loc     0x0000000000009391      0x4f2 /usr/lib/gcc/arm-none-eabi/10.3.1/../../../arm-none-eabi/lib/thumb/v7e-m+fp/hard/libm.a(lib_a-e_sqrt.o)
 .debug_loc     0x0000000000009883      0x22c /usr/lib/gcc/arm-none-eabi/10.3.1/../../../arm-none-eabi/lib/thumb/v7e-m+fp/hard/libc_nano.a(lib_a-memset.o)

.debug_aranges  0x0000000000000000      0x970
 .debug_aranges
                0x0000000000000000       0x70 build/sched.o
 .debug_aranges
                0x0000000000000070       0x80 build/stepper.o
 .debug_aranges
                0x00000000000000f0       0x58 build/endstop.o
 .debug_aranges
                0x0000000000000148       0x58 build/pwmcmds.o
 .debug_aranges
                0x00000000000001a0       0x68 build/stm32f4.o
 .debug_aranges
                0x0000000000000208       0x98 build/gpio.o
 .debug_aranges
                0x00000000000002a0       0x50 build/adc.o
 .debug_aranges
                0x00000000000002f0       0xc0 build/serial.o
 .debug_aranges
                0x00000000000003b0       0x88 build/trapq.o
 .debug_aranges
                0x0000000000000438       0x90 build/itersolve.o
 .debug_aranges
                0x00000000000004c8       0x90 build/kin_cartesian.o
 .debug_aranges
                0x0000000000000558       0x88 build/main.o
 .debug_aranges
                0x00000000000005e0       0xa0 build/gcode.o
 .debug_aranges
                0x0000000000000680       0xb0 build/toolhead.o
 .debug_aranges
                0x0000000000000730       0x60 build/heater.o
 .debug_aranges
                0x0000000000000790       0x38 build/fan.o
 .debug_aranges
                0x00000000000007c8       0x20 /usr/lib/gcc/arm-none-eabi/10.3.1/../../../arm-none-eabi/lib/thumb/v7e-m+fp/hard/libm.a(lib_a-s_ceil.o)
 .debug_aranges
                0x00000000000007e8       0x20 /usr/lib/gcc/arm-none-eabi/10.3.1/../../../arm-none-eabi/lib/thumb/v7e-m+fp/hard/libm.a(lib_a-s_floor.o)
 .debug_aranges
                0x0000000000000808       0x20 /usr/lib/gcc/arm-none-eabi/10.3.1/../../../arm-none-eabi/lib/thumb/v7e-m+fp/hard/libm.a(lib_a-w_sqrt.o)
 .debug_aranges
                0x0000000000000828       0x20 /usr/lib/gcc/arm-none-eabi/10.3.1/../../../arm-none-eabi/lib/thumb/v7e-m+fp/hard/libm.a(lib_a-e_sqrt.o)
 .debug_aranges
                0x0000000000000848       0x18 /usr/lib/gcc/arm-none-eabi/10.3.1/../../../arm-none-eabi/lib/thumb/v7e-m+fp/hard/libm.a(lib_a-s_lib_ver.o)
 .debug_aranges
                0x0000000000000860       0x18 /usr/lib/gcc/arm-none-eabi/10.3.1/../../../arm-none-eabi/lib/thumb/v7e-m+fp/hard/libc_nano.a(lib_a-ctype_.o)
 .debug_aranges
                0x0000000000000878       0x20 /usr/lib/gcc/arm-none-eabi/10.3.1/../../../arm-none-eabi/lib/thumb/v7e-m+fp/hard/libc_nano.a(lib_a-errno.o)
 .debug_aranges
                0x0000000000000898       0x18 /usr/lib/gcc/arm-none-eabi/10.3.1/../../../arm-none-eabi/lib/thumb/v7e-m+fp/hard/libc_nano.a(lib_a-impure.o)
 .debug_aranges
                0x00000000000008b0       0x20 /usr/lib/gcc/arm-none-eabi/10.3.1/../../../arm-none-eabi/lib/thumb/v7e-m+fp/hard/libc_nano.a(lib_a-memcpy.o)
 .debug_aranges
                0x00000000000008d0       0x20 /usr/lib/gcc/arm-none-eabi/10.3.1/../../../arm-none-eabi/lib/thumb/v7e-m+fp/hard/libc_nano.a(lib_a-memset.o)
 .debug_aranges
                0x00000000000008f0       0x20 /usr/lib/gcc/arm-none-eabi/10.3.1/thumb/v7e-m+fp/hard/libgcc.a(_arm_addsubdf3.o)
 .debug_aranges
                0x0000000000000910       0x20 /usr/lib/gcc/arm-none-eabi/10.3.1/thumb/v7e-m+fp/hard/libgcc.a(_arm_muldivdf3.o)
 .debug_aranges
                0x0000000000000930       0x20 /usr/lib/gcc/arm-none-eabi/10.3.1/thumb/v7e-m+fp/hard/libgcc.a(_arm_cmpdf2.o)
 .debug_aranges
                0x0000000000000950       0x20 /usr/lib/gcc/arm-none-eabi/10.3.1/thumb/v7e-m+fp/hard/libgcc.a(_arm_unorddf2.o)

.debug_ranges   0x0000000000000000     0x1950
 .debug_ranges  0x0000000000000000       0xf0 build/sched.o
 .debug_ranges  0x00000000000000f0       0xf8 build/stepper.o
 .debug_ranges  0x00000000000001e8       0xa0 build/endstop.o
 .debug_ranges  0x0000000000000288       0x78 build/pwmcmds.o
 .debug_ranges  0x0000000000000300       0x88 build/stm32f4.o
 .debug_ranges  0x0000000000000388      0x170 build/gpio.o
 .debug_ranges  0x00000000000004f8      0x108 build/adc.o
 .debug_ranges  0x0000000000000600      0x3d8 build/serial.o
 .debug_ranges  0x00000000000009d8      0x2f8 build/trapq.o
 .debug_ranges  0x0000000000000cd0      0x1b8 build/itersolve.o
 .debug_ranges  0x0000000000000e88       0x80 build/kin_cartesian.o
 .debug_ranges  0x0000000000000f08       0xa8 build/main.o
 .debug_ranges  0x0000000000000fb0      0x318 build/gcode.o
 .debug_ranges  0x00000000000012c8      0x3b0 build/toolhead.o
 .debug_ranges  0x0000000000001678      0x218 build/heater.o
 .debug_ranges  0x0000000000001890       0x78 build/fan.o
 .debug_ranges  0x0000000000001908       0x18 /usr/lib/gcc/arm-none-eabi/10.3.1/../../../arm-none-eabi/lib/thumb/v7e-m+fp/hard/libm.a(lib_a-s_ceil.o)
 .debug_ranges  0x0000000000001920       0x18 /usr/lib/gcc/arm-none-eabi/10.3.1/../../../arm-none-eabi/lib/thumb/v7e-m+fp/hard/libm.a(lib_a-s_floor.o)
 .debug_ranges  0x0000000000001938       0x18 /usr/lib/gcc/arm-none-eabi/10.3.1/../../../arm-none-eabi/lib/thumb/v7e-m+fp/hard/libm.a(lib_a-e_sqrt.o)

.debug_line     0x0000000000000000     0x868c
 .debug_line    0x0000000000000000      0x42f build/sched.o
 .debug_line    0x000000000000042f      0x618 build/stepper.o
 .debug_line    0x0000000000000a47      0x3e0 build/endstop.o
 .debug_line    0x0000000000000e27      0x3e0 build/pwmcmds.o
 .debug_line    0x0000000000001207      0x387 build/stm32f4.o
 .debug_line    0x000000000000158e      0x757 build/gpio.o
 .debug_line    0x0000000000001ce5      0x4de build/adc.o
 .debug_line    0x00000000000021c3      0xcfc build/serial.o
 .debug_line    0x0000000000002ebf      0xa28 build/trapq.o
 .debug_line    0x00000000000038e7      0x666 build/itersolve.o
 .debug_line    0x0000000000003f4d      0x5f2 build/kin_cartesian.o
 .debug_line    0x000000000000453f      0x3e2 build/main.o
 .debug_line    0x0000000000004921      0xc48 build/gcode.o
 .debug_line    0x0000000000005569     0x11ef build/toolhead.o
 .debug_line    0x0000000000006758      0x76e build/heater.o
 .debug_line    0x0000000000006ec6      0x342 build/fan.o
 .debug_line    0x0000000000007208      0x2bf /usr/lib/gcc/arm-none-eabi/10.3.1/../../../arm-none-eabi/lib/thumb/v7e-m+fp/hard/libm.a(lib_a-s_ceil.o)
 .debug_line    0x00000000000074c7      0x2c1 /usr/lib/gcc/arm-none-eabi/10.3.1/../../../arm-none-eabi/lib/thumb/v7e-m+fp/hard/libm.a(lib_a-s_floor.o)
 .debug_line    0x0000000000007788      0x170 /usr/lib/gcc/arm-none-eabi/10.3.1/../../../arm-none-eabi/lib/thumb/v7e-m+fp/hard/libm.a(lib_a-w_sqrt.o)
 .debug_line    0x00000000000078f8      0x3e9 /usr/lib/gcc/arm-none-eabi/10.3.1/../../../arm-none-eabi/lib/thumb/v7e-m+fp/hard/libm.a(lib_a-e_sqrt.o)
 .debug_line    0x0000000000007ce1       0x97 /usr/lib/gcc/arm-none-eabi/10.3.1/../../../arm-none-eabi/lib/thumb/v7e-m+fp/hard/libm.a(lib_a-s_lib_ver.o)
 .debug_line    0x0000000000007d78       0x5e /usr/lib/gcc/arm-none-eabi/10.3.1/../../../arm-none-eabi/lib/thumb/v7e-m+fp/hard/libc_nano.a(lib_a-ctype_.o)
 .debug_line    0x0000000000007dd6      0x109 /usr/lib/gcc/arm-none-eabi/10.3.1/../../../arm-none-eabi/lib/thumb/v7e-m+fp/hard/libc_nano.a(lib_a-errno.o)
 .debug_line    0x0000000000007edf       0xe4 /usr/lib/gcc/arm-none-eabi/10.3.1/../../../arm-none-eabi/lib/thumb/v7e-m+fp/hard/libc_nano.a(lib_a-impure.o)
 .debug_line    0x0000000000007fc3       0xbe /usr/lib/gcc/arm-none-eabi/10.3.1/../../../arm-none-eabi/lib/thumb/v7e-m+fp/hard/libc_nano.a(lib_a-memcpy.o)
 .debug_line    0x0000000000008081      0x1bf /usr/lib/gcc/arm-none-eabi/10.3.1/../../../arm-none-eabi/lib/thumb/v7e-m+fp/hard/libc_nano.a(lib_a-memset.o)
 .debug_line    0x0000000000008240      0x186 /usr/lib/gcc/arm-none-eabi/10.3.1/thumb/v7e-m+fp/hard/libgcc.a(_arm_addsubdf3.o)
 .debug_line    0x00000000000083c6      0x19b /usr/lib/gcc/arm-none-eabi/10.3.1/thumb/v7e-m+fp/hard/libgcc.a(_arm_muldivdf3.o)
 .debug_line    0x0000000000008561       0xbd /usr/lib/gcc/arm-none-eabi/10.3.1/thumb/v7e-m+fp/hard/libgcc.a(_arm_cmpdf2.o)
 .debug_line    0x000000000000861e       0x6e /usr/lib/gcc/arm-none-eabi/10.3.1/thumb/v7e-m+fp/hard/libgcc.a(_arm_unorddf2.o)

.debug_str      0x0000000000000000     0x31a3
 .debug_str     0x0000000000000000      0x261 build/sched.o
                                        0x2ea (size before relaxing)
 .debug_str     0x0000000000000261      0x262 build/stepper.o
                                        0x4b0 (size before relaxing)
 .debug_str     0x00000000000004c3      0x188 build/endstop.o
                                        0x3da (size before relaxing)
 .debug_str     0x000000000000064b      0x17d build/pwmcmds.o
                                        0x3b4 (size before relaxing)
 .debug_str     0x00000000000007c8       0xf3 build/stm32f4.o
                                        0x26f (size before relaxing)
 .debug_str     0x00000000000008bb      0x247 build/gpio.o
                                        0x439 (size before relaxing)
 .debug_str     0x0000000000000b02      0x1b3 build/adc.o
                                        0x391 (size before relaxing)
 .debug_str     0x0000000000000cb5      0x82d build/serial.o
                                        0xb58 (size before relaxing)
 .debug_str     0x00000000000014e2      0x228 build/trapq.o
                                        0x3fc (size before relaxing)
 .debug_str     0x000000000000170a      0x2d4 build/itersolve.o
                                        0x5ee (size before relaxing)
 .debug_str     0x00000000000019de      0x19d build/kin_cartesian.o
                                        0x4e0 (size before relaxing)
 .debug_str     0x0000000000001b7b      0x16b build/main.o
                                        0x3ac (size before relaxing)
 .debug_str     0x0000000000001ce6      0x306 build/gcode.o
                                        0x560 (size before relaxing)
 .debug_str     0x0000000000001fec      0x491 build/toolhead.o
                                        0xa9b (size before relaxing)
 .debug_str     0x000000000000247d      0x1c2 build/heater.o
                                        0x5d5 (size before relaxing)
 .debug_str     0x000000000000263f       0x5e build/fan.o
                                        0x333 (size before relaxing)
 .debug_str     0x000000000000269d      0x15e /usr/lib/gcc/arm-none-eabi/10.3.1/../../../arm-none-eabi/lib/thumb/v7e-m+fp/hard/libm.a(lib_a-s_ceil.o)
                                        0x21b (size before relaxing)
 .debug_str     0x00000000000027fb       0x3d /usr/lib/gcc/arm-none-eabi/10.3.1/../../../arm-none-eabi/lib/thumb/v7e-m+fp/hard/libm.a(lib_a-s_floor.o)
                                        0x21d (size before relaxing)
 .debug_str     0x0000000000002838       0xf1 /usr/lib/gcc/arm-none-eabi/10.3.1/../../../arm-none-eabi/lib/thumb/v7e-m+fp/hard/libm.a(lib_a-w_sqrt.o)
                                        0x227 (size before relaxing)
 .debug_str     0x0000000000002929       0x41 /usr/lib/gcc/arm-none-eabi/10.3.1/../../../arm-none-eabi/lib/thumb/v7e-m+fp/hard/libm.a(lib_a-e_sqrt.o)
                                        0x242 (size before relaxing)
 .debug_str     0x000000000000296a      0x114 /usr/lib/gcc/arm-none-eabi/10.3.1/../../../arm-none-eabi/lib/thumb/v7e-m+fp/hard/libm.a(lib_a-s_lib_ver.o)
                                        0x1f4 (size before relaxing)
 .debug_str     0x0000000000002a7e       0x94 /usr/lib/gcc/arm-none-eabi/10.3.1/../../../arm-none-eabi/lib/thumb/v7e-m+fp/hard/libc_nano.a(lib_a-ctype_.o)
                                        0x1a4 (size before relaxing)
 .debug_str     0x0000000000002b12      0x3a7 /usr/lib/gcc/arm-none-eabi/10.3.1/../../../arm-none-eabi/lib/thumb/v7e-m+fp/hard/libc_nano.a(lib_a-errno.o)
                                        0x507 (size before relaxing)
 .debug_str     0x0000000000002eb9       0xf2 /usr/lib/gcc/arm-none-eabi/10.3.1/../../../arm-none-eabi/lib/thumb/v7e-m+fp/hard/libc_nano.a(lib_a-impure.o)
                                        0x55e (size before relaxing)
 .debug_str     0x0000000000002fab       0xb6 /usr/lib/gcc/arm-none-eabi/10.3.1/../../../arm-none-eabi/lib/thumb/v7e-m+fp/hard/libc_nano.a(lib_a-memcpy.o)
 .debug_str     0x0000000000003061       0xa3 /usr/lib/gcc/arm-none-eabi/10.3.1/../../../arm-none-eabi/lib/thumb/v7e-m+fp/hard/libc_nano.a(lib_a-memset.o)
                                        0x1c0 (size before relaxing)
 .debug_str     0x0000000000003104       0x9f /usr/lib/gcc/arm-none-eabi/10.3.1/thumb/v7e-m+fp/hard/libgcc.a(_arm_addsubdf3.o)
                                         0xab (size before relaxing)
 .debug_str     0x00000000000031a3       0xab /usr/lib/gcc/arm-none-eabi/10.3.1/thumb/v7e-m+fp/hard/libgcc.a(_arm_muldivdf3.o)
 .debug_str     0x00000000000031a3       0xab /usr/lib/gcc/arm-none-eabi/10.3.1/thumb/v7e-m+fp/hard/libgcc.a(_arm_cmpdf2.o)
 .debug_str     0x00000000000031a3       0xab /usr/lib/gcc/arm-none-eabi/10.3.1/thumb/v7e-m+fp/hard/libgcc.a(_arm_unorddf2.o)

.debug_frame    0x0000000000000000     0x1a88
 .debug_frame   0x0000000000000000      0x100 build/sched.o
 .debug_frame   0x0000000000000100      0x168 build/stepper.o
 .debug_frame   0x0000000000000268       0xc4 build/endstop.o
 .debug_frame   0x000000000000032c       0xcc build/pwmcmds.o
 .debug_frame   0x00000000000003f8       0xbc build/stm32f4.o
 .debug_frame   0x00000000000004b4      0x180 build/gpio.o
 .debug_frame   0x0000000000000634       0xc8 build/adc.o
 .debug_frame   0x00000000000006fc      0x23c build/serial.o
 .debug_frame   0x0000000000000938      0x200 build/trapq.o
 .debug_frame   0x0000000000000b38      0x1f4 build/itersolve.o
 .debug_frame   0x0000000000000d2c      0x200 build/kin_cartesian.o
 .debug_frame   0x0000000000000f2c      0x128 build/main.o
 .debug_frame   0x0000000000001054      0x1f0 build/gcode.o
 .debug_frame   0x0000000000001244      0x2ec build/toolhead.o
 .debug_frame   0x0000000000001530      0x188 build/heater.o
 .debug_frame   0x00000000000016b8       0xcc build/fan.o
 .debug_frame   0x0000000000001784       0x30 /usr/lib/gcc/arm-none-eabi/10.3.1/../../../arm-none-eabi/lib/thumb/v7e-m+fp/hard/libm.a(lib_a-s_ceil.o)
 .debug_frame   0x00000000000017b4       0x30 /usr/lib/gcc/arm-none-eabi/10.3.1/../../../arm-none-eabi/lib/thumb/v7e-m+fp/hard/libm.a(lib_a-s_floor.o)
 .debug_frame   0x00000000000017e4       0x48 /usr/lib/gcc/arm-none-eabi/10.3.1/../../../arm-none-eabi/lib/thumb/v7e-m+fp/hard/libm.a(lib_a-w_sqrt.o)
 .debug_frame   0x000000000000182c       0x30 /usr/lib/gcc/arm-none-eabi/10.3.1/../../../arm-none-eabi/lib/thumb/v7e-m+fp/hard/libm.a(lib_a-e_sqrt.o)
 .debug_frame   0x000000000000185c       0x20 /usr/lib/gcc/arm-none-eabi/10.3.1/../../../arm-none-eabi/lib/thumb/v7e-m+fp/hard/libc_nano.a(lib_a-errno.o)
 .debug_frame   0x000000000000187c       0x2c /usr/lib/gcc/arm-none-eabi/10.3.1/../../../arm-none-eabi/lib/thumb/v7e-m+fp/hard/libc_nano.a(lib_a-memset.o)
 .debug_frame   0x00000000000018a8       0xac /usr/lib/gcc/arm-none-eabi/10.3.1/thumb/v7e-m+fp/hard/libgcc.a(_arm_addsubdf3.o)
 .debug_frame   0x0000000000001954       0x50 /usr/lib/gcc/arm-none-eabi/10.3.1/thumb/v7e-m+fp/hard/libgcc.a(_arm_muldivdf3.o)
 .debug_frame   0x00000000000019a4       0xc4 /usr/lib/gcc/arm-none-eabi/10.3.1/thumb/v7e-m+fp/hard/libgcc.a(_arm_cmpdf2.o)
 .debug_frame   0x0000000000001a68       0x20 /usr/lib/gcc/arm-none-eabi/10.3.1/thumb/v7e-m+fp/hard/libgcc.a(_arm_unorddf2.o)

Cross Reference Table

Symbol                                            File
ADC_IRQHandler                                    build/main.o
BusFault_Handler                                  build/main.o
CAN1_RX0_IRQHandler                               build/main.o
CAN1_RX1_IRQHandler                               build/main.o
CAN1_SCE_IRQHandler                               build/main.o
CAN1_TX_IRQHandler                                build/main.o
CAN2_RX0_IRQHandler                               build/main.o
CAN2_RX1_IRQHandler                               build/main.o
CAN2_SCE_IRQHandler                               build/main.o
CAN2_TX_IRQHandler                                build/main.o
CRYP_IRQHandler                                   build/main.o
DCMI_IRQHandler                                   build/main.o
DMA1_Stream0_IRQHandler                           build/main.o
DMA1_Stream1_IRQHandler                           build/main.o
DMA1_Stream2_IRQHandler                           build/main.o
DMA1_Stream3_IRQHandler                           build/main.o
DMA1_Stream4_IRQHandler                           build/main.o
DMA1_Stream5_IRQHandler                           build/main.o
DMA1_Stream6_IRQHandler                           build/main.o
DMA1_Stream7_IRQHandler                           build/main.o
DMA2_Stream0_IRQHandler                           build/main.o
DMA2_Stream1_IRQHandler                           build/main.o
DMA2_Stream2_IRQHandler                           build/main.o
DMA2_Stream3_IRQHandler                           build/main.o
DMA2_Stream4_IRQHandler                           build/main.o
DMA2_Stream5_IRQHandler                           build/main.o
DMA2_Stream6_IRQHandler                           build/main.o
DMA2_Stream7_IRQHandler                           build/main.o
DebugMon_Handler                                  build/main.o
Default_Handler                                   build/main.o
ETH_IRQHandler                                    build/main.o
ETH_WKUP_IRQHandler                               build/main.o
EXTI0_IRQHandler                                  build/main.o
EXTI15_10_IRQHandler                              build/main.o
EXTI1_IRQHandler                                  build/main.o
EXTI2_IRQHandler                                  build/main.o
EXTI3_IRQHandler                                  build/main.o
EXTI4_IRQHandler                                  build/main.o
EXTI9_5_IRQHandler                                build/main.o
FLASH_IRQHandler                                  build/main.o
FPU_IRQHandler                                    build/main.o
FSMC_IRQHandler                                   build/main.o
HASH_RNG_IRQHandler                               build/main.o
HardFault_Handler                                 build/main.o
I2C1_ER_IRQHandler                                build/main.o
I2C1_EV_IRQHandler                                build/main.o
I2C2_ER_IRQHandler                                build/main.o
I2C2_EV_IRQHandler                                build/main.o
I2C3_ER_IRQHandler                                build/main.o
I2C3_EV_IRQHandler                                build/main.o
MemManage_Handler                                 build/main.o
NMI_Handler                                       build/main.o
OTG_FS_IRQHandler                                 build/main.o
OTG_FS_WKUP_IRQHandler                            build/main.o
OTG_HS_EP1_IN_IRQHandler                          build/main.o
OTG_HS_EP1_OUT_IRQHandler                         build/main.o
OTG_HS_IRQHandler                                 build/main.o
OTG_HS_WKUP_IRQHandler                            build/main.o
PVD_IRQHandler                                    build/main.o
PendSV_Handler                                    build/main.o
RCC_IRQHandler                                    build/main.o
RTC_Alarm_IRQHandler                              build/main.o
RTC_WKUP_IRQHandler                               build/main.o
Reset_Handler                                     build/main.o
SDIO_IRQHandler                                   build/main.o
SPI1_IRQHandler                                   build/main.o
SPI2_IRQHandler                                   build/main.o
SPI3_IRQHandler                                   build/main.o
SVC_Handler                                       build/main.o
SysTick_Handler                                   build/stm32f4.o
                                                  build/main.o
TAMP_STAMP_IRQHandler                             build/main.o
TIM1_BRK_TIM9_IRQHandler                          build/main.o
TIM1_CC_IRQHandler                                build/main.o
TIM1_TRG_COM_TIM11_IRQHandler                     build/main.o
TIM1_UP_TIM10_IRQHandler                          build/main.o
TIM2_IRQHandler                                   build/main.o
TIM3_IRQHandler                                   build/main.o
TIM4_IRQHandler                                   build/main.o
TIM5_IRQHandler                                   build/main.o
TIM6_DAC_IRQHandler                               build/main.o
TIM7_IRQHandler                                   build/main.o
TIM8_BRK_TIM12_IRQHandler                         build/main.o
TIM8_CC_IRQHandler                                build/main.o
TIM8_TRG_COM_TIM14_IRQHandler                     build/main.o
TIM8_UP_TIM13_IRQHandler                          build/main.o
UART4_IRQHandler                                  build/main.o
UART5_IRQHandler                                  build/main.o
USART1_IRQHandler                                 build/serial.o
USART2_IRQHandler                                 build/serial.o
USART3_IRQHandler                                 build/serial.o
USART6_IRQHandler                                 build/main.o
UsageFault_Handler                                build/main.o
WWDG_IRQHandler                                   build/main.o
_ITM_deregisterTMCloneTable                       /usr/lib/gcc/arm-none-eabi/10.3.1/thumb/v7e-m+fp/hard/crtbegin.o
_ITM_registerTMCloneTable                         /usr/lib/gcc/arm-none-eabi/10.3.1/thumb/v7e-m+fp/hard/crtbegin.o
__TMC_END__                                       /usr/lib/gcc/arm-none-eabi/10.3.1/thumb/v7e-m+fp/hard/crtend.o
                                                  /usr/lib/gcc/arm-none-eabi/10.3.1/thumb/v7e-m+fp/hard/crtbegin.o
__adddf3                                          /usr/lib/gcc/arm-none-eabi/10.3.1/thumb/v7e-m+fp/hard/libgcc.a(_arm_addsubdf3.o)
__aeabi_cdcmpeq                                   /usr/lib/gcc/arm-none-eabi/10.3.1/thumb/v7e-m+fp/hard/libgcc.a(_arm_cmpdf2.o)
__aeabi_cdcmple                                   /usr/lib/gcc/arm-none-eabi/10.3.1/thumb/v7e-m+fp/hard/libgcc.a(_arm_cmpdf2.o)
__aeabi_cdrcmple                                  /usr/lib/gcc/arm-none-eabi/10.3.1/thumb/v7e-m+fp/hard/libgcc.a(_arm_cmpdf2.o)
__aeabi_dadd                                      /usr/lib/gcc/arm-none-eabi/10.3.1/thumb/v7e-m+fp/hard/libgcc.a(_arm_addsubdf3.o)
                                                  /usr/lib/gcc/arm-none-eabi/10.3.1/../../../arm-none-eabi/lib/thumb/v7e-m+fp/hard/libm.a(lib_a-e_sqrt.o)
                                                  /usr/lib/gcc/arm-none-eabi/10.3.1/../../../arm-none-eabi/lib/thumb/v7e-m+fp/hard/libm.a(lib_a-s_floor.o)
                                                  /usr/lib/gcc/arm-none-eabi/10.3.1/../../../arm-none-eabi/lib/thumb/v7e-m+fp/hard/libm.a(lib_a-s_ceil.o)
                                                  build/toolhead.o
                                                  build/kin_cartesian.o
                                                  build/itersolve.o
                                                  build/trapq.o
__aeabi_dcmpeq                                    /usr/lib/gcc/arm-none-eabi/10.3.1/thumb/v7e-m+fp/hard/libgcc.a(_arm_cmpdf2.o)
__aeabi_dcmpge                                    /usr/lib/gcc/arm-none-eabi/10.3.1/thumb/v7e-m+fp/hard/libgcc.a(_arm_cmpdf2.o)
                                                  build/itersolve.o
                                                  build/trapq.o
__aeabi_dcmpgt                                    /usr/lib/gcc/arm-none-eabi/10.3.1/thumb/v7e-m+fp/hard/libgcc.a(_arm_cmpdf2.o)
                                                  /usr/lib/gcc/arm-none-eabi/10.3.1/../../../arm-none-eabi/lib/thumb/v7e-m+fp/hard/libm.a(lib_a-s_floor.o)
                                                  /usr/lib/gcc/arm-none-eabi/10.3.1/../../../arm-none-eabi/lib/thumb/v7e-m+fp/hard/libm.a(lib_a-s_ceil.o)
                                                  build/toolhead.o
                                                  build/kin_cartesian.o
                                                  build/itersolve.o
                                                  build/trapq.o
__aeabi_dcmple                                    /usr/lib/gcc/arm-none-eabi/10.3.1/thumb/v7e-m+fp/hard/libgcc.a(_arm_cmpdf2.o)
                                                  build/itersolve.o
                                                  build/trapq.o
__aeabi_dcmplt                                    /usr/lib/gcc/arm-none-eabi/10.3.1/thumb/v7e-m+fp/hard/libgcc.a(_arm_cmpdf2.o)
                                                  /usr/lib/gcc/arm-none-eabi/10.3.1/../../../arm-none-eabi/lib/thumb/v7e-m+fp/hard/libm.a(lib_a-w_sqrt.o)
                                                  build/toolhead.o
                                                  build/kin_cartesian.o
                                                  build/itersolve.o
                                                  build/trapq.o
__aeabi_dcmpun                                    /usr/lib/gcc/arm-none-eabi/10.3.1/thumb/v7e-m+fp/hard/libgcc.a(_arm_unorddf2.o)
                                                  /usr/lib/gcc/arm-none-eabi/10.3.1/../../../arm-none-eabi/lib/thumb/v7e-m+fp/hard/libm.a(lib_a-w_sqrt.o)
__aeabi_ddiv                                      /usr/lib/gcc/arm-none-eabi/10.3.1/thumb/v7e-m+fp/hard/libgcc.a(_arm_muldivdf3.o)
                                                  /usr/lib/gcc/arm-none-eabi/10.3.1/../../../arm-none-eabi/lib/thumb/v7e-m+fp/hard/libm.a(lib_a-e_sqrt.o)
                                                  /usr/lib/gcc/arm-none-eabi/10.3.1/../../../arm-none-eabi/lib/thumb/v7e-m+fp/hard/libm.a(lib_a-w_sqrt.o)
                                                  build/toolhead.o
                                                  build/kin_cartesian.o
                                                  build/itersolve.o
__aeabi_dmul                                      /usr/lib/gcc/arm-none-eabi/10.3.1/thumb/v7e-m+fp/hard/libgcc.a(_arm_muldivdf3.o)
                                                  /usr/lib/gcc/arm-none-eabi/10.3.1/thumb/v7e-m+fp/hard/libgcc.a(_arm_muldf3.o)
                                                  /usr/lib/gcc/arm-none-eabi/10.3.1/../../../arm-none-eabi/lib/thumb/v7e-m+fp/hard/libm.a(lib_a-e_sqrt.o)
                                                  build/toolhead.o
                                                  build/kin_cartesian.o
                                                  build/itersolve.o
                                                  build/trapq.o
__aeabi_drsub                                     /usr/lib/gcc/arm-none-eabi/10.3.1/thumb/v7e-m+fp/hard/libgcc.a(_arm_addsubdf3.o)
__aeabi_dsub                                      /usr/lib/gcc/arm-none-eabi/10.3.1/thumb/v7e-m+fp/hard/libgcc.a(_arm_addsubdf3.o)
                                                  /usr/lib/gcc/arm-none-eabi/10.3.1/../../../arm-none-eabi/lib/thumb/v7e-m+fp/hard/libm.a(lib_a-e_sqrt.o)
                                                  build/toolhead.o
                                                  build/kin_cartesian.o
                                                  build/itersolve.o
                                                  build/trapq.o
__aeabi_f2d                                       /usr/lib/gcc/arm-none-eabi/10.3.1/thumb/v7e-m+fp/hard/libgcc.a(_arm_addsubdf3.o)
                                                  build/toolhead.o
__aeabi_i2d                                       /usr/lib/gcc/arm-none-eabi/10.3.1/thumb/v7e-m+fp/hard/libgcc.a(_arm_addsubdf3.o)
                                                  build/itersolve.o
__aeabi_l2d                                       /usr/lib/gcc/arm-none-eabi/10.3.1/thumb/v7e-m+fp/hard/libgcc.a(_arm_addsubdf3.o)
__aeabi_ui2d                                      /usr/lib/gcc/arm-none-eabi/10.3.1/thumb/v7e-m+fp/hard/libgcc.a(_arm_addsubdf3.o)
__aeabi_ul2d                                      /usr/lib/gcc/arm-none-eabi/10.3.1/thumb/v7e-m+fp/hard/libgcc.a(_arm_addsubdf3.o)
__atexit_dummy                                    /usr/lib/gcc/arm-none-eabi/10.3.1/../../../arm-none-eabi/lib/thumb/v7e-m+fp/hard/libc_nano.a(lib_a-__atexit.o)
__bss_end__                                       /usr/lib/gcc/arm-none-eabi/10.3.1/../../../arm-none-eabi/lib/thumb/v7e-m+fp/hard/crt0.o
__bss_start__                                     /usr/lib/gcc/arm-none-eabi/10.3.1/../../../arm-none-eabi/lib/thumb/v7e-m+fp/hard/crt0.o
__call_exitprocs                                  /usr/lib/gcc/arm-none-eabi/10.3.1/../../../arm-none-eabi/lib/thumb/v7e-m+fp/hard/libc_nano.a(lib_a-__call_atexit.o)
                                                  /usr/lib/gcc/arm-none-eabi/10.3.1/../../../arm-none-eabi/lib/thumb/v7e-m+fp/hard/libc_nano.a(lib_a-__atexit.o)
                                                  /usr/lib/gcc/arm-none-eabi/10.3.1/../../../arm-none-eabi/lib/thumb/v7e-m+fp/hard/libc_nano.a(lib_a-exit.o)
__cmpdf2                                          /usr/lib/gcc/arm-none-eabi/10.3.1/thumb/v7e-m+fp/hard/libgcc.a(_arm_cmpdf2.o)
__deregister_frame_info                           /usr/lib/gcc/arm-none-eabi/10.3.1/thumb/v7e-m+fp/hard/crtbegin.o
__divdf3                                          /usr/lib/gcc/arm-none-eabi/10.3.1/thumb/v7e-m+fp/hard/libgcc.a(_arm_muldivdf3.o)
__dso_handle                                      /usr/lib/gcc/arm-none-eabi/10.3.1/thumb/v7e-m+fp/hard/crtbegin.o
__eqdf2                                           /usr/lib/gcc/arm-none-eabi/10.3.1/thumb/v7e-m+fp/hard/libgcc.a(_arm_cmpdf2.o)
__errno                                           /usr/lib/gcc/arm-none-eabi/10.3.1/../../../arm-none-eabi/lib/thumb/v7e-m+fp/hard/libc_nano.a(lib_a-errno.o)
                                                  /usr/lib/gcc/arm-none-eabi/10.3.1/../../../arm-none-eabi/lib/thumb/v7e-m+fp/hard/libm.a(lib_a-w_sqrt.o)
__extendsfdf2                                     /usr/lib/gcc/arm-none-eabi/10.3.1/thumb/v7e-m+fp/hard/libgcc.a(_arm_addsubdf3.o)
__fdlib_version                                   /usr/lib/gcc/arm-none-eabi/10.3.1/../../../arm-none-eabi/lib/thumb/v7e-m+fp/hard/libm.a(lib_a-s_lib_ver.o)
                                                  /usr/lib/gcc/arm-none-eabi/10.3.1/../../../arm-none-eabi/lib/thumb/v7e-m+fp/hard/libm.a(lib_a-w_sqrt.o)
__fini_array_end                                  /usr/lib/gcc/arm-none-eabi/10.3.1/../../../arm-none-eabi/lib/thumb/v7e-m+fp/hard/libc_nano.a(lib_a-fini.o)
__fini_array_start                                /usr/lib/gcc/arm-none-eabi/10.3.1/../../../arm-none-eabi/lib/thumb/v7e-m+fp/hard/libc_nano.a(lib_a-fini.o)
__floatdidf                                       /usr/lib/gcc/arm-none-eabi/10.3.1/thumb/v7e-m+fp/hard/libgcc.a(_arm_addsubdf3.o)
__floatsidf                                       /usr/lib/gcc/arm-none-eabi/10.3.1/thumb/v7e-m+fp/hard/libgcc.a(_arm_addsubdf3.o)
__floatundidf                                     /usr/lib/gcc/arm-none-eabi/10.3.1/thumb/v7e-m+fp/hard/libgcc.a(_arm_addsubdf3.o)
__floatunsidf                                     /usr/lib/gcc/arm-none-eabi/10.3.1/thumb/v7e-m+fp/hard/libgcc.a(_arm_addsubdf3.o)
__gedf2                                           /usr/lib/gcc/arm-none-eabi/10.3.1/thumb/v7e-m+fp/hard/libgcc.a(_arm_cmpdf2.o)
__gtdf2                                           /usr/lib/gcc/arm-none-eabi/10.3.1/thumb/v7e-m+fp/hard/libgcc.a(_arm_cmpdf2.o)
__ieee754_sqrt                                    /usr/lib/gcc/arm-none-eabi/10.3.1/../../../arm-none-eabi/lib/thumb/v7e-m+fp/hard/libm.a(lib_a-e_sqrt.o)
                                                  /usr/lib/gcc/arm-none-eabi/10.3.1/../../../arm-none-eabi/lib/thumb/v7e-m+fp/hard/libm.a(lib_a-w_sqrt.o)
__init_array_end                                  /usr/lib/gcc/arm-none-eabi/10.3.1/../../../arm-none-eabi/lib/thumb/v7e-m+fp/hard/libc_nano.a(lib_a-init.o)
__init_array_start                                /usr/lib/gcc/arm-none-eabi/10.3.1/../../../arm-none-eabi/lib/thumb/v7e-m+fp/hard/libc_nano.a(lib_a-init.o)
__ledf2                                           /usr/lib/gcc/arm-none-eabi/10.3.1/thumb/v7e-m+fp/hard/libgcc.a(_arm_cmpdf2.o)
__libc_fini_array                                 /usr/lib/gcc/arm-none-eabi/10.3.1/../../../arm-none-eabi/lib/thumb/v7e-m+fp/hard/libc_nano.a(lib_a-fini.o)
                                                  /usr/lib/gcc/arm-none-eabi/10.3.1/../../../arm-none-eabi/lib/thumb/v7e-m+fp/hard/crt0.o
__libc_init_array                                 /usr/lib/gcc/arm-none-eabi/10.3.1/../../../arm-none-eabi/lib/thumb/v7e-m+fp/hard/libc_nano.a(lib_a-init.o)
                                                  /usr/lib/gcc/arm-none-eabi/10.3.1/../../../arm-none-eabi/lib/thumb/v7e-m+fp/hard/crt0.o
__ltdf2                                           /usr/lib/gcc/arm-none-eabi/10.3.1/thumb/v7e-m+fp/hard/libgcc.a(_arm_cmpdf2.o)
__malloc_free_list                                /usr/lib/gcc/arm-none-eabi/10.3.1/../../../arm-none-eabi/lib/thumb/v7e-m+fp/hard/libc_nano.a(lib_a-nano-mallocr.o)
                                                  /usr/lib/gcc/arm-none-eabi/10.3.1/../../../arm-none-eabi/lib/thumb/v7e-m+fp/hard/libc_nano.a(lib_a-nano-freer.o)
__malloc_lock                                     /usr/lib/gcc/arm-none-eabi/10.3.1/../../../arm-none-eabi/lib/thumb/v7e-m+fp/hard/libc_nano.a(lib_a-mlock.o)
                                                  /usr/lib/gcc/arm-none-eabi/10.3.1/../../../arm-none-eabi/lib/thumb/v7e-m+fp/hard/libc_nano.a(lib_a-nano-mallocr.o)
                                                  /usr/lib/gcc/arm-none-eabi/10.3.1/../../../arm-none-eabi/lib/thumb/v7e-m+fp/hard/libc_nano.a(lib_a-nano-freer.o)
__malloc_sbrk_start                               /usr/lib/gcc/arm-none-eabi/10.3.1/../../../arm-none-eabi/lib/thumb/v7e-m+fp/hard/libc_nano.a(lib_a-nano-mallocr.o)
__malloc_unlock                                   /usr/lib/gcc/arm-none-eabi/10.3.1/../../../arm-none-eabi/lib/thumb/v7e-m+fp/hard/libc_nano.a(lib_a-mlock.o)
                                                  /usr/lib/gcc/arm-none-eabi/10.3.1/../../../arm-none-eabi/lib/thumb/v7e-m+fp/hard/libc_nano.a(lib_a-nano-mallocr.o)
                                                  /usr/lib/gcc/arm-none-eabi/10.3.1/../../../arm-none-eabi/lib/thumb/v7e-m+fp/hard/libc_nano.a(lib_a-nano-freer.o)
__muldf3                                          /usr/lib/gcc/arm-none-eabi/10.3.1/thumb/v7e-m+fp/hard/libgcc.a(_arm_muldivdf3.o)
                                                  /usr/lib/gcc/arm-none-eabi/10.3.1/thumb/v7e-m+fp/hard/libgcc.a(_arm_muldf3.o)
__nedf2                                           /usr/lib/gcc/arm-none-eabi/10.3.1/thumb/v7e-m+fp/hard/libgcc.a(_arm_cmpdf2.o)
__on_exit_args                                    /usr/lib/gcc/arm-none-eabi/10.3.1/../../../arm-none-eabi/lib/thumb/v7e-m+fp/hard/libc_nano.a(lib_a-__atexit.o)
__preinit_array_end                               /usr/lib/gcc/arm-none-eabi/10.3.1/../../../arm-none-eabi/lib/thumb/v7e-m+fp/hard/libc_nano.a(lib_a-init.o)
__preinit_array_start                             /usr/lib/gcc/arm-none-eabi/10.3.1/../../../arm-none-eabi/lib/thumb/v7e-m+fp/hard/libc_nano.a(lib_a-init.o)
__register_exitproc                               /usr/lib/gcc/arm-none-eabi/10.3.1/../../../arm-none-eabi/lib/thumb/v7e-m+fp/hard/libc_nano.a(lib_a-__atexit.o)
                                                  /usr/lib/gcc/arm-none-eabi/10.3.1/../../../arm-none-eabi/lib/thumb/v7e-m+fp/hard/libc_nano.a(lib_a-atexit.o)
__register_frame_info                             /usr/lib/gcc/arm-none-eabi/10.3.1/thumb/v7e-m+fp/hard/crtbegin.o
__sf_fake_stderr                                  /usr/lib/gcc/arm-none-eabi/10.3.1/../../../arm-none-eabi/lib/thumb/v7e-m+fp/hard/libc_nano.a(lib_a-impure.o)
__sf_fake_stdin                                   /usr/lib/gcc/arm-none-eabi/10.3.1/../../../arm-none-eabi/lib/thumb/v7e-m+fp/hard/libc_nano.a(lib_a-impure.o)
__sf_fake_stdout                                  /usr/lib/gcc/arm-none-eabi/10.3.1/../../../arm-none-eabi/lib/thumb/v7e-m+fp/hard/libc_nano.a(lib_a-impure.o)
__ssprint_r                                       /usr/lib/gcc/arm-none-eabi/10.3.1/../../../arm-none-eabi/lib/thumb/v7e-m+fp/hard/libc_nano.a(lib_a-nano-svfprintf.o)
__ssputs_r                                        /usr/lib/gcc/arm-none-eabi/10.3.1/../../../arm-none-eabi/lib/thumb/v7e-m+fp/hard/libc_nano.a(lib_a-nano-svfprintf.o)
__stack                                           /usr/lib/gcc/arm-none-eabi/10.3.1/../../../arm-none-eabi/lib/thumb/v7e-m+fp/hard/crt0.o
__subdf3                                          /usr/lib/gcc/arm-none-eabi/10.3.1/thumb/v7e-m+fp/hard/libgcc.a(_arm_addsubdf3.o)
__unorddf2                                        /usr/lib/gcc/arm-none-eabi/10.3.1/thumb/v7e-m+fp/hard/libgcc.a(_arm_unorddf2.o)
_ctype_                                           /usr/lib/gcc/arm-none-eabi/10.3.1/../../../arm-none-eabi/lib/thumb/v7e-m+fp/hard/libc_nano.a(lib_a-ctype_.o)
                                                  build/gcode.o
_ebss                                             build/main.o
_edata                                            build/main.o
_estack                                           build/main.o
_exit                                             /usr/lib/gcc/arm-none-eabi/10.3.1/../../../arm-none-eabi/lib/thumb/v7e-m+fp/hard/libnosys.a(_exit.o)
                                                  /usr/lib/gcc/arm-none-eabi/10.3.1/../../../arm-none-eabi/lib/thumb/v7e-m+fp/hard/libc_nano.a(lib_a-exit.o)
_fini                                             /usr/lib/gcc/arm-none-eabi/10.3.1/thumb/v7e-m+fp/hard/crti.o
                                                  /usr/lib/gcc/arm-none-eabi/10.3.1/../../../arm-none-eabi/lib/thumb/v7e-m+fp/hard/libc_nano.a(lib_a-fini.o)
_free_r                                           /usr/lib/gcc/arm-none-eabi/10.3.1/../../../arm-none-eabi/lib/thumb/v7e-m+fp/hard/libc_nano.a(lib_a-nano-freer.o)
                                                  /usr/lib/gcc/arm-none-eabi/10.3.1/../../../arm-none-eabi/lib/thumb/v7e-m+fp/hard/libc_nano.a(lib_a-reent.o)
                                                  /usr/lib/gcc/arm-none-eabi/10.3.1/../../../arm-none-eabi/lib/thumb/v7e-m+fp/hard/libc_nano.a(lib_a-nano-reallocr.o)
                                                  /usr/lib/gcc/arm-none-eabi/10.3.1/../../../arm-none-eabi/lib/thumb/v7e-m+fp/hard/libc_nano.a(lib_a-nano-svfprintf.o)
_global_atexit                                    /usr/lib/gcc/arm-none-eabi/10.3.1/../../../arm-none-eabi/lib/thumb/v7e-m+fp/hard/libc_nano.a(lib_a-__call_atexit.o)
                                                  /usr/lib/gcc/arm-none-eabi/10.3.1/../../../arm-none-eabi/lib/thumb/v7e-m+fp/hard/libc_nano.a(lib_a-__atexit.o)
_global_impure_ptr                                /usr/lib/gcc/arm-none-eabi/10.3.1/../../../arm-none-eabi/lib/thumb/v7e-m+fp/hard/libc_nano.a(lib_a-impure.o)
                                                  /usr/lib/gcc/arm-none-eabi/10.3.1/../../../arm-none-eabi/lib/thumb/v7e-m+fp/hard/libc_nano.a(lib_a-exit.o)
_impure_ptr                                       /usr/lib/gcc/arm-none-eabi/10.3.1/../../../arm-none-eabi/lib/thumb/v7e-m+fp/hard/libc_nano.a(lib_a-impure.o)
                                                  /usr/lib/gcc/arm-none-eabi/10.3.1/../../../arm-none-eabi/lib/thumb/v7e-m+fp/hard/libc_nano.a(lib_a-reent.o)
                                                  /usr/lib/gcc/arm-none-eabi/10.3.1/../../../arm-none-eabi/lib/thumb/v7e-m+fp/hard/libc_nano.a(lib_a-vsnprintf.o)
                                                  /usr/lib/gcc/arm-none-eabi/10.3.1/../../../arm-none-eabi/lib/thumb/v7e-m+fp/hard/libc_nano.a(lib_a-errno.o)
_init                                             /usr/lib/gcc/arm-none-eabi/10.3.1/thumb/v7e-m+fp/hard/crti.o
                                                  /usr/lib/gcc/arm-none-eabi/10.3.1/../../../arm-none-eabi/lib/thumb/v7e-m+fp/hard/libc_nano.a(lib_a-init.o)